Archive member included to satisfy reference by file (symbol)

c:/intelfpga/nios2eds/bin/gnu/h-x86_64-mingw32/bin/../lib/gcc/nios2-elf/5.3.0/../../../../../H-x86_64-mingw32/nios2-elf/lib/mhw-mulx\libc.a(lib_a-memcpy.o)
                              obj/default/media.o (memcpy)
../media_bsp/\libhal_bsp.a(alt_load.o)
                              ../media_bsp//obj/HAL/src/crt0.o (alt_load)
../media_bsp/\libhal_bsp.a(alt_main.o)
                              ../media_bsp//obj/HAL/src/crt0.o (alt_main)
../media_bsp/\libhal_bsp.a(alt_sys_init.o)
                              ../media_bsp/\libhal_bsp.a(alt_main.o) (alt_irq_init)
../media_bsp/\libhal_bsp.a(altera_avalon_jtag_uart_fd.o)
                              ../media_bsp/\libhal_bsp.a(alt_sys_init.o) (altera_avalon_jtag_uart_read_fd)
../media_bsp/\libhal_bsp.a(altera_avalon_jtag_uart_init.o)
                              ../media_bsp/\libhal_bsp.a(alt_sys_init.o) (altera_avalon_jtag_uart_init)
../media_bsp/\libhal_bsp.a(altera_avalon_jtag_uart_ioctl.o)
                              ../media_bsp/\libhal_bsp.a(altera_avalon_jtag_uart_fd.o) (altera_avalon_jtag_uart_ioctl)
../media_bsp/\libhal_bsp.a(altera_avalon_jtag_uart_read.o)
                              ../media_bsp/\libhal_bsp.a(altera_avalon_jtag_uart_fd.o) (altera_avalon_jtag_uart_read)
../media_bsp/\libhal_bsp.a(altera_avalon_jtag_uart_write.o)
                              ../media_bsp/\libhal_bsp.a(altera_avalon_jtag_uart_fd.o) (altera_avalon_jtag_uart_write)
../media_bsp/\libhal_bsp.a(altera_avalon_timer_sc.o)
                              ../media_bsp/\libhal_bsp.a(alt_sys_init.o) (alt_avalon_timer_sc_init)
../media_bsp/\libhal_bsp.a(altera_up_avalon_character_lcd.o)
                              ../media_bsp/\libhal_bsp.a(alt_sys_init.o) (alt_up_character_lcd_init)
../media_bsp/\libhal_bsp.a(altera_up_avalon_irda.o)
                              ../media_bsp/\libhal_bsp.a(alt_sys_init.o) (alt_up_irda_read_fd)
../media_bsp/\libhal_bsp.a(altera_up_avalon_ps2.o)
                              ../media_bsp/\libhal_bsp.a(alt_sys_init.o) (alt_up_ps2_init)
../media_bsp/\libhal_bsp.a(altera_up_avalon_rs232.o)
                              ../media_bsp/\libhal_bsp.a(alt_sys_init.o) (alt_up_rs232_read_fd)
../media_bsp/\libhal_bsp.a(alt_alarm_start.o)
                              ../media_bsp/\libhal_bsp.a(altera_avalon_jtag_uart_init.o) (alt_alarm_start)
../media_bsp/\libhal_bsp.a(alt_close.o)
                              ../media_bsp/\libhal_bsp.a(alt_main.o) (close)
../media_bsp/\libhal_bsp.a(alt_dcache_flush_all.o)
                              ../media_bsp/\libhal_bsp.a(alt_load.o) (alt_dcache_flush_all)
../media_bsp/\libhal_bsp.a(alt_dev.o)
                              ../media_bsp/\libhal_bsp.a(alt_sys_init.o) (alt_dev_list)
../media_bsp/\libhal_bsp.a(alt_dev_llist_insert.o)
                              ../media_bsp/\libhal_bsp.a(alt_sys_init.o) (alt_dev_llist_insert)
../media_bsp/\libhal_bsp.a(alt_do_ctors.o)
                              ../media_bsp/\libhal_bsp.a(alt_main.o) (_do_ctors)
../media_bsp/\libhal_bsp.a(alt_do_dtors.o)
                              ../media_bsp/\libhal_bsp.a(alt_main.o) (_do_dtors)
../media_bsp/\libhal_bsp.a(alt_errno.o)
                              ../media_bsp/\libhal_bsp.a(alt_close.o) (alt_errno)
../media_bsp/\libhal_bsp.a(alt_find_dev.o)
                              ../media_bsp/\libhal_bsp.a(altera_up_avalon_character_lcd.o) (alt_find_dev)
../media_bsp/\libhal_bsp.a(alt_icache_flush_all.o)
                              ../media_bsp/\libhal_bsp.a(alt_load.o) (alt_icache_flush_all)
../media_bsp/\libhal_bsp.a(alt_io_redirect.o)
                              ../media_bsp/\libhal_bsp.a(alt_main.o) (alt_io_redirect)
../media_bsp/\libhal_bsp.a(alt_irq_register.o)
                              ../media_bsp/\libhal_bsp.a(altera_avalon_jtag_uart_init.o) (alt_irq_register)
../media_bsp/\libhal_bsp.a(alt_irq_vars.o)
                              ../media_bsp/\libhal_bsp.a(alt_irq_register.o) (alt_irq_active)
../media_bsp/\libhal_bsp.a(alt_open.o)
                              ../media_bsp/\libhal_bsp.a(alt_io_redirect.o) (open)
../media_bsp/\libhal_bsp.a(alt_release_fd.o)
                              ../media_bsp/\libhal_bsp.a(alt_close.o) (alt_release_fd)
../media_bsp/\libhal_bsp.a(alt_tick.o)
                              ../media_bsp/\libhal_bsp.a(altera_avalon_jtag_uart_init.o) (_alt_tick_rate)
../media_bsp/\libhal_bsp.a(altera_nios2_gen2_irq.o)
                              ../media_bsp/\libhal_bsp.a(alt_sys_init.o) (altera_nios2_gen2_irq_init)
../media_bsp/\libhal_bsp.a(alt_find_file.o)
                              ../media_bsp/\libhal_bsp.a(alt_open.o) (alt_find_file)
../media_bsp/\libhal_bsp.a(alt_get_fd.o)
                              ../media_bsp/\libhal_bsp.a(alt_open.o) (alt_get_fd)
../media_bsp/\libhal_bsp.a(alt_icache_flush.o)
                              ../media_bsp/\libhal_bsp.a(alt_icache_flush_all.o) (alt_icache_flush)
../media_bsp/\libhal_bsp.a(alt_irq_entry.o)
                              ../media_bsp/\libhal_bsp.a(alt_irq_register.o) (alt_irq_entry)
../media_bsp/\libhal_bsp.a(alt_irq_handler.o)
                              ../media_bsp/\libhal_bsp.a(alt_irq_register.o) (alt_irq)
../media_bsp/\libhal_bsp.a(alt_exception_entry.o)
                              ../media_bsp/\libhal_bsp.a(alt_irq_entry.o) (alt_exception)
../media_bsp/\libhal_bsp.a(alt_instruction_exception_entry.o)
                              ../media_bsp/\libhal_bsp.a(alt_exception_entry.o) (alt_instruction_exception_entry)
c:/intelfpga/nios2eds/bin/gnu/h-x86_64-mingw32/bin/../lib/gcc/nios2-elf/5.3.0/../../../../../H-x86_64-mingw32/nios2-elf/lib/mhw-mulx\libc.a(lib_a-atexit.o)
                              ../media_bsp/\libhal_bsp.a(alt_main.o) (atexit)
c:/intelfpga/nios2eds/bin/gnu/h-x86_64-mingw32/bin/../lib/gcc/nios2-elf/5.3.0/../../../../../H-x86_64-mingw32/nios2-elf/lib/mhw-mulx\libc.a(lib_a-exit.o)
                              ../media_bsp/\libhal_bsp.a(alt_main.o) (exit)
c:/intelfpga/nios2eds/bin/gnu/h-x86_64-mingw32/bin/../lib/gcc/nios2-elf/5.3.0/../../../../../H-x86_64-mingw32/nios2-elf/lib/mhw-mulx\libc.a(lib_a-impure.o)
                              c:/intelfpga/nios2eds/bin/gnu/h-x86_64-mingw32/bin/../lib/gcc/nios2-elf/5.3.0/../../../../../H-x86_64-mingw32/nios2-elf/lib/mhw-mulx\libc.a(lib_a-exit.o) (_global_impure_ptr)
c:/intelfpga/nios2eds/bin/gnu/h-x86_64-mingw32/bin/../lib/gcc/nios2-elf/5.3.0/../../../../../H-x86_64-mingw32/nios2-elf/lib/mhw-mulx\libc.a(lib_a-int_errno.o)
                              ../media_bsp/\libhal_bsp.a(alt_close.o) (errno)
c:/intelfpga/nios2eds/bin/gnu/h-x86_64-mingw32/bin/../lib/gcc/nios2-elf/5.3.0/../../../../../H-x86_64-mingw32/nios2-elf/lib/mhw-mulx\libc.a(lib_a-memcmp.o)
                              ../media_bsp/\libhal_bsp.a(alt_find_dev.o) (memcmp)
c:/intelfpga/nios2eds/bin/gnu/h-x86_64-mingw32/bin/../lib/gcc/nios2-elf/5.3.0/../../../../../H-x86_64-mingw32/nios2-elf/lib/mhw-mulx\libc.a(lib_a-strlen.o)
                              ../media_bsp/\libhal_bsp.a(alt_find_dev.o) (strlen)
c:/intelfpga/nios2eds/bin/gnu/h-x86_64-mingw32/bin/../lib/gcc/nios2-elf/5.3.0/../../../../../H-x86_64-mingw32/nios2-elf/lib/mhw-mulx\libc.a(lib_a-__atexit.o)
                              c:/intelfpga/nios2eds/bin/gnu/h-x86_64-mingw32/bin/../lib/gcc/nios2-elf/5.3.0/../../../../../H-x86_64-mingw32/nios2-elf/lib/mhw-mulx\libc.a(lib_a-atexit.o) (__register_exitproc)
c:/intelfpga/nios2eds/bin/gnu/h-x86_64-mingw32/bin/../lib/gcc/nios2-elf/5.3.0/../../../../../H-x86_64-mingw32/nios2-elf/lib/mhw-mulx\libc.a(lib_a-__call_atexit.o)
                              c:/intelfpga/nios2eds/bin/gnu/h-x86_64-mingw32/bin/../lib/gcc/nios2-elf/5.3.0/../../../../../H-x86_64-mingw32/nios2-elf/lib/mhw-mulx\libc.a(lib_a-exit.o) (__call_exitprocs)
../media_bsp/\libhal_bsp.a(alt_exit.o)
                              c:/intelfpga/nios2eds/bin/gnu/h-x86_64-mingw32/bin/../lib/gcc/nios2-elf/5.3.0/../../../../../H-x86_64-mingw32/nios2-elf/lib/mhw-mulx\libc.a(lib_a-exit.o) (_exit)

Allocating common symbols
Common symbol       size              file

alt_irq             0x100             ../media_bsp/\libhal_bsp.a(alt_irq_handler.o)
errno               0x4               c:/intelfpga/nios2eds/bin/gnu/h-x86_64-mingw32/bin/../lib/gcc/nios2-elf/5.3.0/../../../../../H-x86_64-mingw32/nios2-elf/lib/mhw-mulx\libc.a(lib_a-int_errno.o)

Memory Configuration

Name             Origin             Length             Attributes
reset            0x0000000000000000 0x0000000000000020
SDRAM            0x0000000000000020 0x0000000007ffffe0
VGA_Subsystem_Char_Buf_Subsystem_Onchip_SRAM 0x0000000009000000 0x0000000000002000
*default*        0x0000000000000000 0xffffffffffffffff

Linker script and memory map

LOAD ../media_bsp//obj/HAL/src/crt0.o
LOAD obj/default/media.o
LOAD c:/intelfpga/nios2eds/bin/gnu/h-x86_64-mingw32/bin/../lib/gcc/nios2-elf/5.3.0/../../../../../H-x86_64-mingw32/nios2-elf/lib/mhw-mulx\libstdc++.a
LOAD c:/intelfpga/nios2eds/bin/gnu/h-x86_64-mingw32/bin/../lib/gcc/nios2-elf/5.3.0/../../../../../H-x86_64-mingw32/nios2-elf/lib/mhw-mulx\libm.a
LOAD c:/intelfpga/nios2eds/bin/gnu/h-x86_64-mingw32/bin/../lib/gcc/nios2-elf/5.3.0/mhw-mulx\libgcc.a
START GROUP
LOAD c:/intelfpga/nios2eds/bin/gnu/h-x86_64-mingw32/bin/../lib/gcc/nios2-elf/5.3.0/../../../../../H-x86_64-mingw32/nios2-elf/lib/mhw-mulx\libc.a
LOAD c:/intelfpga/nios2eds/bin/gnu/h-x86_64-mingw32/bin/../lib/gcc/nios2-elf/5.3.0/mhw-mulx\libgcc.a
LOAD ../media_bsp/\libhal_bsp.a
LOAD c:/intelfpga/nios2eds/bin/gnu/h-x86_64-mingw32/bin/../lib/gcc/nios2-elf/5.3.0/../../../../../H-x86_64-mingw32/nios2-elf/lib/mhw-mulx\libm.a
END GROUP
LOAD c:/intelfpga/nios2eds/bin/gnu/h-x86_64-mingw32/bin/../lib/gcc/nios2-elf/5.3.0/mhw-mulx\libgcc.a
                0x0000000000000000                __alt_mem_SDRAM = 0x0
                0x0000000009000000                __alt_mem_VGA_Subsystem_Char_Buf_Subsystem_Onchip_SRAM = 0x9000000

.entry          0x0000000000000000       0x20
 *(.entry)
 .entry         0x0000000000000000       0x20 ../media_bsp//obj/HAL/src/crt0.o
                0x0000000000000000                __reset

.exceptions     0x0000000000000020      0x228
                0x0000000000000020                PROVIDE (__ram_exceptions_start, ABSOLUTE (.))
                0x0000000000000020                . = ALIGN (0x20)
 *(.irq)
 *(.exceptions.entry.label)
 .exceptions.entry.label
                0x0000000000000020        0x0 ../media_bsp/\libhal_bsp.a(alt_irq_entry.o)
                0x0000000000000020                alt_irq_entry
 .exceptions.entry.label
                0x0000000000000020        0x0 ../media_bsp/\libhal_bsp.a(alt_exception_entry.o)
                0x0000000000000020                alt_exception
 *(.exceptions.entry.user)
 *(.exceptions.entry.ecc_fatal)
 *(.exceptions.entry)
 .exceptions.entry
                0x0000000000000020       0x54 ../media_bsp/\libhal_bsp.a(alt_exception_entry.o)
 *(.exceptions.irqtest.user)
 *(.exceptions.irqtest)
 .exceptions.irqtest
                0x0000000000000074       0x10 ../media_bsp/\libhal_bsp.a(alt_irq_entry.o)
 *(.exceptions.irqhandler.user)
 *(.exceptions.irqhandler)
 .exceptions.irqhandler
                0x0000000000000084        0x4 ../media_bsp/\libhal_bsp.a(alt_irq_entry.o)
 *(.exceptions.irqreturn.user)
 *(.exceptions.irqreturn)
 .exceptions.irqreturn
                0x0000000000000088        0x4 ../media_bsp/\libhal_bsp.a(alt_irq_entry.o)
 *(.exceptions.notirq.label)
 .exceptions.notirq.label
                0x000000000000008c        0x0 ../media_bsp/\libhal_bsp.a(alt_irq_entry.o)
 *(.exceptions.notirq.user)
 *(.exceptions.notirq)
 .exceptions.notirq
                0x000000000000008c        0x8 ../media_bsp/\libhal_bsp.a(alt_exception_entry.o)
 *(.exceptions.soft.user)
 *(.exceptions.soft)
 *(.exceptions.unknown.user)
 *(.exceptions.unknown)
 .exceptions.unknown
                0x0000000000000094       0x14 ../media_bsp/\libhal_bsp.a(alt_exception_entry.o)
 *(.exceptions.exit.label)
 .exceptions.exit.label
                0x00000000000000a8        0x0 ../media_bsp/\libhal_bsp.a(alt_irq_entry.o)
 .exceptions.exit.label
                0x00000000000000a8        0x0 ../media_bsp/\libhal_bsp.a(alt_exception_entry.o)
 *(.exceptions.exit.user)
 *(.exceptions.exit)
 .exceptions.exit
                0x00000000000000a8       0x54 ../media_bsp/\libhal_bsp.a(alt_exception_entry.o)
 *(.exceptions)
 .exceptions    0x00000000000000fc       0xd8 ../media_bsp/\libhal_bsp.a(alt_irq_handler.o)
                0x00000000000000fc                alt_irq_handler
 .exceptions    0x00000000000001d4       0x74 ../media_bsp/\libhal_bsp.a(alt_instruction_exception_entry.o)
                0x00000000000001d4                alt_instruction_exception_entry
                0x0000000000000248                PROVIDE (__ram_exceptions_end, ABSOLUTE (.))
                0x0000000000000020                PROVIDE (__flash_exceptions_start, LOADADDR (.exceptions))

.text           0x0000000000000248     0x3d58
                [!provide]                        PROVIDE (stext, ABSOLUTE (.))
 *(.interp)
 *(.hash)
 *(.dynsym)
 *(.dynstr)
 *(.gnu.version)
 *(.gnu.version_d)
 *(.gnu.version_r)
 *(.rel.init)
 *(.rela.init)
 *(.rel.text .rel.text.* .rel.gnu.linkonce.t.*)
 *(.rela.text .rela.text.* .rela.gnu.linkonce.t.*)
 *(.rel.fini)
 *(.rela.fini)
 *(.rel.rodata .rel.rodata.* .rel.gnu.linkonce.r.*)
 *(.rela.rodata .rela.rodata.* .rela.gnu.linkonce.r.*)
 *(.rel.data .rel.data.* .rel.gnu.linkonce.d.*)
 *(.rela.data .rela.data.* .rela.gnu.linkonce.d.*)
 *(.rel.tdata .rel.tdata.* .rel.gnu.linkonce.td.*)
 *(.rela.tdata .rela.tdata.* .rela.gnu.linkonce.td.*)
 *(.rel.tbss .rel.tbss.* .rel.gnu.linkonce.tb.*)
 *(.rela.tbss .rela.tbss.* .rela.gnu.linkonce.tb.*)
 *(.rel.ctors)
 *(.rela.ctors)
 *(.rel.dtors)
 *(.rela.dtors)
 *(.rel.got)
 *(.rela.got)
 *(.rel.sdata .rel.sdata.* .rel.gnu.linkonce.s.*)
 *(.rela.sdata .rela.sdata.* .rela.gnu.linkonce.s.*)
 *(.rel.sbss .rel.sbss.* .rel.gnu.linkonce.sb.*)
 *(.rela.sbss .rela.sbss.* .rela.gnu.linkonce.sb.*)
 *(.rel.sdata2 .rel.sdata2.* .rel.gnu.linkonce.s2.*)
 *(.rela.sdata2 .rela.sdata2.* .rela.gnu.linkonce.s2.*)
 *(.rel.sbss2 .rel.sbss2.* .rel.gnu.linkonce.sb2.*)
 *(.rela.sbss2 .rela.sbss2.* .rela.gnu.linkonce.sb2.*)
 *(.rel.bss .rel.bss.* .rel.gnu.linkonce.b.*)
 *(.rela.bss .rela.bss.* .rela.gnu.linkonce.b.*)
 *(.rel.plt)
 *(.rela.plt)
 *(.rel.dyn)
 *(.init)
 *(.plt)
 *(.text .stub .text.* .gnu.linkonce.t.*)
 .text          0x0000000000000248       0x3c ../media_bsp//obj/HAL/src/crt0.o
                0x0000000000000248                _start
 .text          0x0000000000000284      0x5a0 obj/default/media.o
                0x0000000000000284                main
                0x00000000000003a0                LCD_cursor
                0x000000000000040c                LCD_text
                0x0000000000000478                LCD_cursor_off
                0x00000000000004b0                VGA_text
                0x0000000000000544                VGA_box
                0x00000000000005fc                HEX_PS2
                0x0000000000000758                check_KEYs
 .text          0x0000000000000824        0x0 c:/intelfpga/nios2eds/bin/gnu/h-x86_64-mingw32/bin/../lib/gcc/nios2-elf/5.3.0/../../../../../H-x86_64-mingw32/nios2-elf/lib/mhw-mulx\libc.a(lib_a-memcpy.o)
 .text.memcpy   0x0000000000000824      0x148 c:/intelfpga/nios2eds/bin/gnu/h-x86_64-mingw32/bin/../lib/gcc/nios2-elf/5.3.0/../../../../../H-x86_64-mingw32/nios2-elf/lib/mhw-mulx\libc.a(lib_a-memcpy.o)
                0x0000000000000824                memcpy
 .text          0x000000000000096c       0xec ../media_bsp/\libhal_bsp.a(alt_load.o)
                0x00000000000009d4                alt_load
 .text          0x0000000000000a58       0x7c ../media_bsp/\libhal_bsp.a(alt_main.o)
                0x0000000000000a58                alt_main
 .text          0x0000000000000ad4      0x390 ../media_bsp/\libhal_bsp.a(alt_sys_init.o)
                0x0000000000000b08                alt_irq_init
                0x0000000000000b40                alt_sys_init
 .text          0x0000000000000e64      0x164 ../media_bsp/\libhal_bsp.a(altera_avalon_jtag_uart_fd.o)
                0x0000000000000e64                altera_avalon_jtag_uart_read_fd
                0x0000000000000ec4                altera_avalon_jtag_uart_write_fd
                0x0000000000000f24                altera_avalon_jtag_uart_close_fd
                0x0000000000000f74                altera_avalon_jtag_uart_ioctl_fd
 .text          0x0000000000000fc8      0x3cc ../media_bsp/\libhal_bsp.a(altera_avalon_jtag_uart_init.o)
                0x0000000000000fc8                altera_avalon_jtag_uart_init
                0x000000000000132c                altera_avalon_jtag_uart_close
 .text          0x0000000000001394       0xf0 ../media_bsp/\libhal_bsp.a(altera_avalon_jtag_uart_ioctl.o)
                0x0000000000001394                altera_avalon_jtag_uart_ioctl
 .text          0x0000000000001484      0x21c ../media_bsp/\libhal_bsp.a(altera_avalon_jtag_uart_read.o)
                0x0000000000001484                altera_avalon_jtag_uart_read
 .text          0x00000000000016a0      0x224 ../media_bsp/\libhal_bsp.a(altera_avalon_jtag_uart_write.o)
                0x00000000000016a0                altera_avalon_jtag_uart_write
 .text          0x00000000000018c4       0xf0 ../media_bsp/\libhal_bsp.a(altera_avalon_timer_sc.o)
                0x0000000000001940                alt_avalon_timer_sc_init
 .text          0x00000000000019b4      0x4f4 ../media_bsp/\libhal_bsp.a(altera_up_avalon_character_lcd.o)
                0x00000000000019b4                get_DDRAM_addr
                0x0000000000001a28                alt_up_character_lcd_send_cmd
                0x0000000000001a68                alt_up_character_lcd_init
                0x0000000000001aa0                alt_up_character_lcd_open_dev
                0x0000000000001adc                alt_up_character_lcd_write
                0x0000000000001b58                alt_up_character_lcd_string
                0x0000000000001bd0                alt_up_character_lcd_write_fd
                0x0000000000001c20                alt_up_character_lcd_set_cursor_pos
                0x0000000000001c94                alt_up_character_lcd_shift_cursor
                0x0000000000001d20                alt_up_character_lcd_shift_display
                0x0000000000001dac                alt_up_character_lcd_erase_pos
                0x0000000000001e38                alt_up_character_lcd_cursor_off
                0x0000000000001e70                alt_up_character_lcd_cursor_blink_on
 .text          0x0000000000001ea8      0x38c ../media_bsp/\libhal_bsp.a(altera_up_avalon_irda.o)
                0x0000000000001ea8                alt_up_irda_enable_read_interrupt
                0x0000000000001f04                alt_up_irda_disable_read_interrupt
                0x0000000000001f64                alt_up_irda_get_used_space_in_read_FIFO
                0x0000000000001fa4                alt_up_irda_get_available_space_in_write_FIFO
                0x0000000000001fe0                alt_up_irda_check_parity
                0x0000000000002024                alt_up_irda_write_data
                0x0000000000002064                alt_up_irda_read_data
                0x00000000000020d8                alt_up_irda_read_fd
                0x0000000000002168                alt_up_irda_write_fd
                0x00000000000021f8                alt_up_irda_open_dev
 .text          0x0000000000002234      0x6b0 ../media_bsp/\libhal_bsp.a(altera_up_avalon_ps2.o)
                0x0000000000002234                read_RI_bit
                0x0000000000002268                read_RE_bit
                0x0000000000002298                read_CE_bit
                0x00000000000022cc                read_num_bytes_available
                0x00000000000022fc                read_data_valid
                0x0000000000002330                read_data_byte
                0x000000000000235c                alt_up_ps2_init
                0x0000000000002424                alt_up_ps2_enable_read_interrupt
                0x0000000000002480                alt_up_ps2_disable_read_interrupt
                0x00000000000024e0                alt_up_ps2_write_data_byte
                0x0000000000002554                alt_up_ps2_wait_for_ack
                0x00000000000025bc                alt_up_ps2_write_data_byte_with_ack
                0x0000000000002620                alt_up_ps2_read_data_byte_timeout
                0x00000000000026bc                alt_up_ps2_read_data_byte
                0x000000000000272c                alt_up_ps2_clear_fifo
                0x0000000000002784                alt_up_ps2_read_fd
                0x0000000000002810                alt_up_ps2_write_fd
                0x00000000000028a8                alt_up_ps2_open_dev
 .text          0x00000000000028e4      0x390 ../media_bsp/\libhal_bsp.a(altera_up_avalon_rs232.o)
                0x00000000000028e4                alt_up_rs232_enable_read_interrupt
                0x0000000000002940                alt_up_rs232_disable_read_interrupt
                0x00000000000029a0                alt_up_rs232_get_used_space_in_read_FIFO
                0x00000000000029e0                alt_up_rs232_get_available_space_in_write_FIFO
                0x0000000000002a1c                alt_up_rs232_check_parity
                0x0000000000002a60                alt_up_rs232_write_data
                0x0000000000002aa0                alt_up_rs232_read_data
                0x0000000000002b14                alt_up_rs232_read_fd
                0x0000000000002ba4                alt_up_rs232_write_fd
                0x0000000000002c38                alt_up_rs232_open_dev
 .text          0x0000000000002c74      0x12c ../media_bsp/\libhal_bsp.a(alt_alarm_start.o)
                0x0000000000002c74                alt_alarm_start
 .text          0x0000000000002da0      0x10c ../media_bsp/\libhal_bsp.a(alt_close.o)
                0x0000000000002ddc                close
 .text          0x0000000000002eac       0x20 ../media_bsp/\libhal_bsp.a(alt_dcache_flush_all.o)
                0x0000000000002eac                alt_dcache_flush_all
 .text          0x0000000000002ecc       0x2c ../media_bsp/\libhal_bsp.a(alt_dev.o)
 .text          0x0000000000002ef8       0xe0 ../media_bsp/\libhal_bsp.a(alt_dev_llist_insert.o)
                0x0000000000002f34                alt_dev_llist_insert
 .text          0x0000000000002fd8       0x60 ../media_bsp/\libhal_bsp.a(alt_do_ctors.o)
                0x0000000000002fd8                _do_ctors
 .text          0x0000000000003038       0x60 ../media_bsp/\libhal_bsp.a(alt_do_dtors.o)
                0x0000000000003038                _do_dtors
 .text          0x0000000000003098        0x0 ../media_bsp/\libhal_bsp.a(alt_errno.o)
 .text          0x0000000000003098       0x90 ../media_bsp/\libhal_bsp.a(alt_find_dev.o)
                0x0000000000003098                alt_find_dev
 .text          0x0000000000003128       0x34 ../media_bsp/\libhal_bsp.a(alt_icache_flush_all.o)
                0x0000000000003128                alt_icache_flush_all
 .text          0x000000000000315c      0x140 ../media_bsp/\libhal_bsp.a(alt_io_redirect.o)
                0x0000000000003220                alt_io_redirect
 .text          0x000000000000329c      0x180 ../media_bsp/\libhal_bsp.a(alt_irq_register.o)
                0x000000000000329c                alt_irq_register
 .text          0x000000000000341c        0x0 ../media_bsp/\libhal_bsp.a(alt_irq_vars.o)
 .text          0x000000000000341c      0x254 ../media_bsp/\libhal_bsp.a(alt_open.o)
                0x000000000000351c                open
 .text          0x0000000000003670       0x64 ../media_bsp/\libhal_bsp.a(alt_release_fd.o)
                0x0000000000003670                alt_release_fd
 .text          0x00000000000036d4      0x1a4 ../media_bsp/\libhal_bsp.a(alt_tick.o)
                0x00000000000036d4                alt_alarm_stop
                0x0000000000003770                alt_tick
 .text          0x0000000000003878       0x24 ../media_bsp/\libhal_bsp.a(altera_nios2_gen2_irq.o)
                0x0000000000003878                altera_nios2_gen2_irq_init
 .text          0x000000000000389c      0x108 ../media_bsp/\libhal_bsp.a(alt_find_file.o)
                0x000000000000389c                alt_find_file
 .text          0x00000000000039a4       0xa4 ../media_bsp/\libhal_bsp.a(alt_get_fd.o)
                0x00000000000039a4                alt_get_fd
 .text          0x0000000000003a48       0x90 ../media_bsp/\libhal_bsp.a(alt_icache_flush.o)
                0x0000000000003a48                alt_icache_flush
 .text          0x0000000000003ad8        0x0 ../media_bsp/\libhal_bsp.a(alt_irq_entry.o)
 .text          0x0000000000003ad8        0x0 ../media_bsp/\libhal_bsp.a(alt_irq_handler.o)
 .text          0x0000000000003ad8        0x0 ../media_bsp/\libhal_bsp.a(alt_exception_entry.o)
 .text          0x0000000000003ad8       0x9c ../media_bsp/\libhal_bsp.a(alt_instruction_exception_entry.o)
                0x0000000000003ad8                alt_exception_cause_generated_bad_addr
 .text          0x0000000000003b74        0x0 c:/intelfpga/nios2eds/bin/gnu/h-x86_64-mingw32/bin/../lib/gcc/nios2-elf/5.3.0/../../../../../H-x86_64-mingw32/nios2-elf/lib/mhw-mulx\libc.a(lib_a-atexit.o)
 .text.atexit   0x0000000000003b74       0x14 c:/intelfpga/nios2eds/bin/gnu/h-x86_64-mingw32/bin/../lib/gcc/nios2-elf/5.3.0/../../../../../H-x86_64-mingw32/nios2-elf/lib/mhw-mulx\libc.a(lib_a-atexit.o)
                0x0000000000003b74                atexit
 .text          0x0000000000003b88        0x0 c:/intelfpga/nios2eds/bin/gnu/h-x86_64-mingw32/bin/../lib/gcc/nios2-elf/5.3.0/../../../../../H-x86_64-mingw32/nios2-elf/lib/mhw-mulx\libc.a(lib_a-exit.o)
 .text.exit     0x0000000000003b88       0x38 c:/intelfpga/nios2eds/bin/gnu/h-x86_64-mingw32/bin/../lib/gcc/nios2-elf/5.3.0/../../../../../H-x86_64-mingw32/nios2-elf/lib/mhw-mulx\libc.a(lib_a-exit.o)
                0x0000000000003b88                exit
 .text          0x0000000000003bc0        0x0 c:/intelfpga/nios2eds/bin/gnu/h-x86_64-mingw32/bin/../lib/gcc/nios2-elf/5.3.0/../../../../../H-x86_64-mingw32/nios2-elf/lib/mhw-mulx\libc.a(lib_a-impure.o)
 .text          0x0000000000003bc0        0x0 c:/intelfpga/nios2eds/bin/gnu/h-x86_64-mingw32/bin/../lib/gcc/nios2-elf/5.3.0/../../../../../H-x86_64-mingw32/nios2-elf/lib/mhw-mulx\libc.a(lib_a-int_errno.o)
 .text          0x0000000000003bc0        0x0 c:/intelfpga/nios2eds/bin/gnu/h-x86_64-mingw32/bin/../lib/gcc/nios2-elf/5.3.0/../../../../../H-x86_64-mingw32/nios2-elf/lib/mhw-mulx\libc.a(lib_a-memcmp.o)
 .text.memcmp   0x0000000000003bc0       0x7c c:/intelfpga/nios2eds/bin/gnu/h-x86_64-mingw32/bin/../lib/gcc/nios2-elf/5.3.0/../../../../../H-x86_64-mingw32/nios2-elf/lib/mhw-mulx\libc.a(lib_a-memcmp.o)
                0x0000000000003bc0                memcmp
 .text          0x0000000000003c3c        0x0 c:/intelfpga/nios2eds/bin/gnu/h-x86_64-mingw32/bin/../lib/gcc/nios2-elf/5.3.0/../../../../../H-x86_64-mingw32/nios2-elf/lib/mhw-mulx\libc.a(lib_a-strlen.o)
 .text.strlen   0x0000000000003c3c       0x98 c:/intelfpga/nios2eds/bin/gnu/h-x86_64-mingw32/bin/../lib/gcc/nios2-elf/5.3.0/../../../../../H-x86_64-mingw32/nios2-elf/lib/mhw-mulx\libc.a(lib_a-strlen.o)
                0x0000000000003c3c                strlen
 .text          0x0000000000003cd4        0x0 c:/intelfpga/nios2eds/bin/gnu/h-x86_64-mingw32/bin/../lib/gcc/nios2-elf/5.3.0/../../../../../H-x86_64-mingw32/nios2-elf/lib/mhw-mulx\libc.a(lib_a-__atexit.o)
 .text.__register_exitproc
                0x0000000000003cd4      0x118 c:/intelfpga/nios2eds/bin/gnu/h-x86_64-mingw32/bin/../lib/gcc/nios2-elf/5.3.0/../../../../../H-x86_64-mingw32/nios2-elf/lib/mhw-mulx\libc.a(lib_a-__atexit.o)
                0x0000000000003cd4                __register_exitproc
 .text          0x0000000000003dec        0x0 c:/intelfpga/nios2eds/bin/gnu/h-x86_64-mingw32/bin/../lib/gcc/nios2-elf/5.3.0/../../../../../H-x86_64-mingw32/nios2-elf/lib/mhw-mulx\libc.a(lib_a-__call_atexit.o)
 .text.__call_exitprocs
                0x0000000000003dec      0x180 c:/intelfpga/nios2eds/bin/gnu/h-x86_64-mingw32/bin/../lib/gcc/nios2-elf/5.3.0/../../../../../H-x86_64-mingw32/nios2-elf/lib/mhw-mulx\libc.a(lib_a-__call_atexit.o)
                0x0000000000003dec                __call_exitprocs
 .text          0x0000000000003f6c       0x34 ../media_bsp/\libhal_bsp.a(alt_exit.o)
                0x0000000000003f6c                _exit
 *(.gnu.warning.*)
 *(.fini)
                [!provide]                        PROVIDE (__etext, ABSOLUTE (.))
                [!provide]                        PROVIDE (_etext, ABSOLUTE (.))
                [!provide]                        PROVIDE (etext, ABSOLUTE (.))
 *(.eh_frame_hdr)
                0x0000000000003fa0                . = ALIGN (0x4)
                [!provide]                        PROVIDE (__preinit_array_start, ABSOLUTE (.))
 *(.preinit_array)
                [!provide]                        PROVIDE (__preinit_array_end, ABSOLUTE (.))
                [!provide]                        PROVIDE (__init_array_start, ABSOLUTE (.))
 *(.init_array)
                [!provide]                        PROVIDE (__init_array_end, ABSOLUTE (.))
                [!provide]                        PROVIDE (__fini_array_start, ABSOLUTE (.))
 *(.fini_array)
                [!provide]                        PROVIDE (__fini_array_end, ABSOLUTE (.))
 *(.eh_frame)
 *(.gcc_except_table .gcc_except_table.*)
 *(.dynamic)
                0x0000000000003fa0                PROVIDE (__CTOR_LIST__, ABSOLUTE (.))
 *(.ctors)
 *(SORT(.ctors.*))
                0x0000000000003fa0                PROVIDE (__CTOR_END__, ABSOLUTE (.))
                0x0000000000003fa0                PROVIDE (__DTOR_LIST__, ABSOLUTE (.))
 *(.dtors)
 *(SORT(.dtors.*))
                0x0000000000003fa0                PROVIDE (__DTOR_END__, ABSOLUTE (.))
 *(.jcr)
                0x0000000000003fa0                . = ALIGN (0x4)

.rodata         0x0000000000003fa0      0x1d4
                0x0000000000003fa0                PROVIDE (__ram_rodata_start, ABSOLUTE (.))
                0x0000000000003fa0                . = ALIGN (0x4)
 *(.rodata .rodata.* .gnu.linkonce.r.*)
 .rodata        0x0000000000003fa0       0x60 obj/default/media.o
 .rodata        0x0000000000004000        0xf ../media_bsp/\libhal_bsp.a(alt_main.o)
 *fill*         0x000000000000400f        0x1 
 .rodata        0x0000000000004010      0x151 ../media_bsp/\libhal_bsp.a(alt_sys_init.o)
 *fill*         0x0000000000004161        0x3 
 .rodata        0x0000000000004164        0xa ../media_bsp/\libhal_bsp.a(alt_dev.o)
 *fill*         0x000000000000416e        0x2 
 .rodata.str1.4
                0x0000000000004170        0x4 c:/intelfpga/nios2eds/bin/gnu/h-x86_64-mingw32/bin/../lib/gcc/nios2-elf/5.3.0/../../../../../H-x86_64-mingw32/nios2-elf/lib/mhw-mulx\libc.a(lib_a-impure.o)
                                          0x2 (size before relaxing)
 *(.rodata1)
                0x0000000000004174                . = ALIGN (0x4)
                0x0000000000004174                PROVIDE (__ram_rodata_end, ABSOLUTE (.))
                0x0000000000003fa0                PROVIDE (__flash_rodata_start, LOADADDR (.rodata))

.rwdata         0x0000000000004174     0x1994 load address 0x0000000000005b08
                0x0000000000004174                PROVIDE (__ram_rwdata_start, ABSOLUTE (.))
                0x0000000000004174                . = ALIGN (0x4)
 *(.got.plt)
 *(.got)
 *(.data1)
 *(.data .data.* .gnu.linkonce.d.*)
 .data          0x0000000000004174        0x0 ../media_bsp//obj/HAL/src/crt0.o
 .data          0x0000000000004174        0x0 obj/default/media.o
 .data          0x0000000000004174        0x0 c:/intelfpga/nios2eds/bin/gnu/h-x86_64-mingw32/bin/../lib/gcc/nios2-elf/5.3.0/../../../../../H-x86_64-mingw32/nios2-elf/lib/mhw-mulx\libc.a(lib_a-memcpy.o)
 .data          0x0000000000004174        0x0 ../media_bsp/\libhal_bsp.a(alt_load.o)
 .data          0x0000000000004174        0x0 ../media_bsp/\libhal_bsp.a(alt_main.o)
 .data          0x0000000000004174     0x139c ../media_bsp/\libhal_bsp.a(alt_sys_init.o)
 .data          0x0000000000005510        0x0 ../media_bsp/\libhal_bsp.a(altera_avalon_jtag_uart_fd.o)
 .data          0x0000000000005510        0x0 ../media_bsp/\libhal_bsp.a(altera_avalon_jtag_uart_init.o)
 .data          0x0000000000005510        0x0 ../media_bsp/\libhal_bsp.a(altera_avalon_jtag_uart_ioctl.o)
 .data          0x0000000000005510        0x0 ../media_bsp/\libhal_bsp.a(altera_avalon_jtag_uart_read.o)
 .data          0x0000000000005510        0x0 ../media_bsp/\libhal_bsp.a(altera_avalon_jtag_uart_write.o)
 .data          0x0000000000005510        0x0 ../media_bsp/\libhal_bsp.a(altera_avalon_timer_sc.o)
 .data          0x0000000000005510        0x0 ../media_bsp/\libhal_bsp.a(altera_up_avalon_character_lcd.o)
 .data          0x0000000000005510        0x0 ../media_bsp/\libhal_bsp.a(altera_up_avalon_irda.o)
 .data          0x0000000000005510        0x0 ../media_bsp/\libhal_bsp.a(altera_up_avalon_ps2.o)
 .data          0x0000000000005510        0x0 ../media_bsp/\libhal_bsp.a(altera_up_avalon_rs232.o)
 .data          0x0000000000005510        0x0 ../media_bsp/\libhal_bsp.a(alt_alarm_start.o)
 .data          0x0000000000005510        0x0 ../media_bsp/\libhal_bsp.a(alt_close.o)
 .data          0x0000000000005510        0x0 ../media_bsp/\libhal_bsp.a(alt_dcache_flush_all.o)
 .data          0x0000000000005510      0x1a8 ../media_bsp/\libhal_bsp.a(alt_dev.o)
                0x0000000000005510                alt_dev_null
                0x0000000000005538                alt_fd_list
 .data          0x00000000000056b8        0x0 ../media_bsp/\libhal_bsp.a(alt_dev_llist_insert.o)
 .data          0x00000000000056b8        0x0 ../media_bsp/\libhal_bsp.a(alt_do_ctors.o)
 .data          0x00000000000056b8        0x0 ../media_bsp/\libhal_bsp.a(alt_do_dtors.o)
 .data          0x00000000000056b8        0x0 ../media_bsp/\libhal_bsp.a(alt_errno.o)
 .data          0x00000000000056b8        0x0 ../media_bsp/\libhal_bsp.a(alt_find_dev.o)
 .data          0x00000000000056b8        0x0 ../media_bsp/\libhal_bsp.a(alt_icache_flush_all.o)
 .data          0x00000000000056b8        0x0 ../media_bsp/\libhal_bsp.a(alt_io_redirect.o)
 .data          0x00000000000056b8        0x0 ../media_bsp/\libhal_bsp.a(alt_irq_register.o)
 .data          0x00000000000056b8        0x0 ../media_bsp/\libhal_bsp.a(alt_irq_vars.o)
 .data          0x00000000000056b8        0x0 ../media_bsp/\libhal_bsp.a(alt_open.o)
 .data          0x00000000000056b8        0x0 ../media_bsp/\libhal_bsp.a(alt_release_fd.o)
 .data          0x00000000000056b8        0x0 ../media_bsp/\libhal_bsp.a(alt_tick.o)
 .data          0x00000000000056b8        0x0 ../media_bsp/\libhal_bsp.a(altera_nios2_gen2_irq.o)
 .data          0x00000000000056b8        0x0 ../media_bsp/\libhal_bsp.a(alt_find_file.o)
 .data          0x00000000000056b8        0x0 ../media_bsp/\libhal_bsp.a(alt_get_fd.o)
 .data          0x00000000000056b8        0x0 ../media_bsp/\libhal_bsp.a(alt_icache_flush.o)
 .data          0x00000000000056b8        0x0 ../media_bsp/\libhal_bsp.a(alt_irq_entry.o)
 .data          0x00000000000056b8        0x0 ../media_bsp/\libhal_bsp.a(alt_irq_handler.o)
 .data          0x00000000000056b8        0x0 ../media_bsp/\libhal_bsp.a(alt_exception_entry.o)
 .data          0x00000000000056b8        0x0 ../media_bsp/\libhal_bsp.a(alt_instruction_exception_entry.o)
 .data          0x00000000000056b8        0x0 c:/intelfpga/nios2eds/bin/gnu/h-x86_64-mingw32/bin/../lib/gcc/nios2-elf/5.3.0/../../../../../H-x86_64-mingw32/nios2-elf/lib/mhw-mulx\libc.a(lib_a-atexit.o)
 .data          0x00000000000056b8        0x0 c:/intelfpga/nios2eds/bin/gnu/h-x86_64-mingw32/bin/../lib/gcc/nios2-elf/5.3.0/../../../../../H-x86_64-mingw32/nios2-elf/lib/mhw-mulx\libc.a(lib_a-exit.o)
 .data          0x00000000000056b8        0x0 c:/intelfpga/nios2eds/bin/gnu/h-x86_64-mingw32/bin/../lib/gcc/nios2-elf/5.3.0/../../../../../H-x86_64-mingw32/nios2-elf/lib/mhw-mulx\libc.a(lib_a-impure.o)
 .data.impure_data
                0x00000000000056b8      0x424 c:/intelfpga/nios2eds/bin/gnu/h-x86_64-mingw32/bin/../lib/gcc/nios2-elf/5.3.0/../../../../../H-x86_64-mingw32/nios2-elf/lib/mhw-mulx\libc.a(lib_a-impure.o)
 .data          0x0000000000005adc        0x0 c:/intelfpga/nios2eds/bin/gnu/h-x86_64-mingw32/bin/../lib/gcc/nios2-elf/5.3.0/../../../../../H-x86_64-mingw32/nios2-elf/lib/mhw-mulx\libc.a(lib_a-int_errno.o)
 .data          0x0000000000005adc        0x0 c:/intelfpga/nios2eds/bin/gnu/h-x86_64-mingw32/bin/../lib/gcc/nios2-elf/5.3.0/../../../../../H-x86_64-mingw32/nios2-elf/lib/mhw-mulx\libc.a(lib_a-memcmp.o)
 .data          0x0000000000005adc        0x0 c:/intelfpga/nios2eds/bin/gnu/h-x86_64-mingw32/bin/../lib/gcc/nios2-elf/5.3.0/../../../../../H-x86_64-mingw32/nios2-elf/lib/mhw-mulx\libc.a(lib_a-strlen.o)
 .data          0x0000000000005adc        0x0 c:/intelfpga/nios2eds/bin/gnu/h-x86_64-mingw32/bin/../lib/gcc/nios2-elf/5.3.0/../../../../../H-x86_64-mingw32/nios2-elf/lib/mhw-mulx\libc.a(lib_a-__atexit.o)
 .data          0x0000000000005adc        0x0 c:/intelfpga/nios2eds/bin/gnu/h-x86_64-mingw32/bin/../lib/gcc/nios2-elf/5.3.0/../../../../../H-x86_64-mingw32/nios2-elf/lib/mhw-mulx\libc.a(lib_a-__call_atexit.o)
 .data          0x0000000000005adc        0x0 ../media_bsp/\libhal_bsp.a(alt_exit.o)
                0x000000000000dadc                _gp = ABSOLUTE ((. + 0x8000))
                [!provide]                        PROVIDE (gp, _gp)
 *(.rwdata .rwdata.*)
 *(.sdata .sdata.* .gnu.linkonce.s.*)
 .sdata         0x0000000000005adc       0x14 ../media_bsp/\libhal_bsp.a(alt_dev.o)
                0x0000000000005adc                alt_fs_list
                0x0000000000005ae4                alt_dev_list
                0x0000000000005aec                alt_max_fd
 .sdata         0x0000000000005af0        0x4 ../media_bsp/\libhal_bsp.a(alt_errno.o)
                0x0000000000005af0                alt_errno
 .sdata         0x0000000000005af4        0x4 ../media_bsp/\libhal_bsp.a(alt_irq_vars.o)
                0x0000000000005af4                alt_priority_mask
 .sdata         0x0000000000005af8        0x8 ../media_bsp/\libhal_bsp.a(alt_tick.o)
                0x0000000000005af8                alt_alarm_list
 .sdata._global_impure_ptr
                0x0000000000005b00        0x4 c:/intelfpga/nios2eds/bin/gnu/h-x86_64-mingw32/bin/../lib/gcc/nios2-elf/5.3.0/../../../../../H-x86_64-mingw32/nios2-elf/lib/mhw-mulx\libc.a(lib_a-impure.o)
                0x0000000000005b00                _global_impure_ptr
 .sdata._impure_ptr
                0x0000000000005b04        0x4 c:/intelfpga/nios2eds/bin/gnu/h-x86_64-mingw32/bin/../lib/gcc/nios2-elf/5.3.0/../../../../../H-x86_64-mingw32/nios2-elf/lib/mhw-mulx\libc.a(lib_a-impure.o)
                0x0000000000005b04                _impure_ptr
 *(.sdata2 .sdata2.* .gnu.linkonce.s2.*)
                0x0000000000005b08                . = ALIGN (0x4)
                0x0000000000005b08                _edata = ABSOLUTE (.)
                [!provide]                        PROVIDE (edata, ABSOLUTE (.))
                0x0000000000005b08                PROVIDE (__ram_rwdata_end, ABSOLUTE (.))
                0x0000000000005b08                PROVIDE (__flash_rwdata_start, LOADADDR (.rwdata))

.bss            0x000000000000749c      0x120
                0x000000000000749c                __bss_start = ABSOLUTE (.)
                [!provide]                        PROVIDE (__sbss_start, ABSOLUTE (.))
                [!provide]                        PROVIDE (___sbss_start, ABSOLUTE (.))
 *(.dynsbss)
 *(.sbss .sbss.* .gnu.linkonce.sb.*)
 .sbss          0x000000000000749c        0xc ../media_bsp/\libhal_bsp.a(alt_main.o)
                0x000000000000749c                alt_argc
                0x00000000000074a0                alt_argv
                0x00000000000074a4                alt_envp
 .sbss          0x00000000000074a8        0x4 ../media_bsp/\libhal_bsp.a(alt_irq_vars.o)
                0x00000000000074a8                alt_irq_active
 .sbss          0x00000000000074ac        0x8 ../media_bsp/\libhal_bsp.a(alt_tick.o)
                0x00000000000074ac                _alt_tick_rate
                0x00000000000074b0                _alt_nticks
 .sbss          0x00000000000074b4        0x4 ../media_bsp/\libhal_bsp.a(alt_instruction_exception_entry.o)
                0x00000000000074b4                alt_instruction_exception_handler
 .sbss          0x00000000000074b8        0x4 c:/intelfpga/nios2eds/bin/gnu/h-x86_64-mingw32/bin/../lib/gcc/nios2-elf/5.3.0/../../../../../H-x86_64-mingw32/nios2-elf/lib/mhw-mulx\libc.a(lib_a-int_errno.o)
                0x00000000000074b8                errno
 *(.sbss2 .sbss2.* .gnu.linkonce.sb2.*)
 *(.scommon)
                [!provide]                        PROVIDE (__sbss_end, ABSOLUTE (.))
                [!provide]                        PROVIDE (___sbss_end, ABSOLUTE (.))
 *(.dynbss)
 *(.bss .bss.* .gnu.linkonce.b.*)
 .bss           0x00000000000074bc        0x0 ../media_bsp//obj/HAL/src/crt0.o
 .bss           0x00000000000074bc        0x0 obj/default/media.o
 .bss           0x00000000000074bc        0x0 c:/intelfpga/nios2eds/bin/gnu/h-x86_64-mingw32/bin/../lib/gcc/nios2-elf/5.3.0/../../../../../H-x86_64-mingw32/nios2-elf/lib/mhw-mulx\libc.a(lib_a-memcpy.o)
 .bss           0x00000000000074bc        0x0 ../media_bsp/\libhal_bsp.a(alt_load.o)
 .bss           0x00000000000074bc        0x0 ../media_bsp/\libhal_bsp.a(alt_main.o)
 .bss           0x00000000000074bc        0x0 ../media_bsp/\libhal_bsp.a(alt_sys_init.o)
 .bss           0x00000000000074bc        0x0 ../media_bsp/\libhal_bsp.a(altera_avalon_jtag_uart_fd.o)
 .bss           0x00000000000074bc        0x0 ../media_bsp/\libhal_bsp.a(altera_avalon_jtag_uart_init.o)
 .bss           0x00000000000074bc        0x0 ../media_bsp/\libhal_bsp.a(altera_avalon_jtag_uart_ioctl.o)
 .bss           0x00000000000074bc        0x0 ../media_bsp/\libhal_bsp.a(altera_avalon_jtag_uart_read.o)
 .bss           0x00000000000074bc        0x0 ../media_bsp/\libhal_bsp.a(altera_avalon_jtag_uart_write.o)
 .bss           0x00000000000074bc        0x0 ../media_bsp/\libhal_bsp.a(altera_avalon_timer_sc.o)
 .bss           0x00000000000074bc        0x0 ../media_bsp/\libhal_bsp.a(altera_up_avalon_character_lcd.o)
 .bss           0x00000000000074bc        0x0 ../media_bsp/\libhal_bsp.a(altera_up_avalon_irda.o)
 .bss           0x00000000000074bc        0x0 ../media_bsp/\libhal_bsp.a(altera_up_avalon_ps2.o)
 .bss           0x00000000000074bc        0x0 ../media_bsp/\libhal_bsp.a(altera_up_avalon_rs232.o)
 .bss           0x00000000000074bc        0x0 ../media_bsp/\libhal_bsp.a(alt_alarm_start.o)
 .bss           0x00000000000074bc        0x0 ../media_bsp/\libhal_bsp.a(alt_close.o)
 .bss           0x00000000000074bc        0x0 ../media_bsp/\libhal_bsp.a(alt_dcache_flush_all.o)
 .bss           0x00000000000074bc        0x0 ../media_bsp/\libhal_bsp.a(alt_dev.o)
 .bss           0x00000000000074bc        0x0 ../media_bsp/\libhal_bsp.a(alt_dev_llist_insert.o)
 .bss           0x00000000000074bc        0x0 ../media_bsp/\libhal_bsp.a(alt_do_ctors.o)
 .bss           0x00000000000074bc        0x0 ../media_bsp/\libhal_bsp.a(alt_do_dtors.o)
 .bss           0x00000000000074bc        0x0 ../media_bsp/\libhal_bsp.a(alt_errno.o)
 .bss           0x00000000000074bc        0x0 ../media_bsp/\libhal_bsp.a(alt_find_dev.o)
 .bss           0x00000000000074bc        0x0 ../media_bsp/\libhal_bsp.a(alt_icache_flush_all.o)
 .bss           0x00000000000074bc        0x0 ../media_bsp/\libhal_bsp.a(alt_io_redirect.o)
 .bss           0x00000000000074bc        0x0 ../media_bsp/\libhal_bsp.a(alt_irq_register.o)
 .bss           0x00000000000074bc        0x0 ../media_bsp/\libhal_bsp.a(alt_irq_vars.o)
 .bss           0x00000000000074bc        0x0 ../media_bsp/\libhal_bsp.a(alt_open.o)
 .bss           0x00000000000074bc        0x0 ../media_bsp/\libhal_bsp.a(alt_release_fd.o)
 .bss           0x00000000000074bc        0x0 ../media_bsp/\libhal_bsp.a(alt_tick.o)
 .bss           0x00000000000074bc        0x0 ../media_bsp/\libhal_bsp.a(altera_nios2_gen2_irq.o)
 .bss           0x00000000000074bc        0x0 ../media_bsp/\libhal_bsp.a(alt_find_file.o)
 .bss           0x00000000000074bc        0x0 ../media_bsp/\libhal_bsp.a(alt_get_fd.o)
 .bss           0x00000000000074bc        0x0 ../media_bsp/\libhal_bsp.a(alt_icache_flush.o)
 .bss           0x00000000000074bc        0x0 ../media_bsp/\libhal_bsp.a(alt_irq_entry.o)
 .bss           0x00000000000074bc        0x0 ../media_bsp/\libhal_bsp.a(alt_irq_handler.o)
 .bss           0x00000000000074bc        0x0 ../media_bsp/\libhal_bsp.a(alt_exception_entry.o)
 .bss           0x00000000000074bc        0x0 ../media_bsp/\libhal_bsp.a(alt_instruction_exception_entry.o)
 .bss           0x00000000000074bc        0x0 c:/intelfpga/nios2eds/bin/gnu/h-x86_64-mingw32/bin/../lib/gcc/nios2-elf/5.3.0/../../../../../H-x86_64-mingw32/nios2-elf/lib/mhw-mulx\libc.a(lib_a-atexit.o)
 .bss           0x00000000000074bc        0x0 c:/intelfpga/nios2eds/bin/gnu/h-x86_64-mingw32/bin/../lib/gcc/nios2-elf/5.3.0/../../../../../H-x86_64-mingw32/nios2-elf/lib/mhw-mulx\libc.a(lib_a-exit.o)
 .bss           0x00000000000074bc        0x0 c:/intelfpga/nios2eds/bin/gnu/h-x86_64-mingw32/bin/../lib/gcc/nios2-elf/5.3.0/../../../../../H-x86_64-mingw32/nios2-elf/lib/mhw-mulx\libc.a(lib_a-impure.o)
 .bss           0x00000000000074bc        0x0 c:/intelfpga/nios2eds/bin/gnu/h-x86_64-mingw32/bin/../lib/gcc/nios2-elf/5.3.0/../../../../../H-x86_64-mingw32/nios2-elf/lib/mhw-mulx\libc.a(lib_a-int_errno.o)
 .bss           0x00000000000074bc        0x0 c:/intelfpga/nios2eds/bin/gnu/h-x86_64-mingw32/bin/../lib/gcc/nios2-elf/5.3.0/../../../../../H-x86_64-mingw32/nios2-elf/lib/mhw-mulx\libc.a(lib_a-memcmp.o)
 .bss           0x00000000000074bc        0x0 c:/intelfpga/nios2eds/bin/gnu/h-x86_64-mingw32/bin/../lib/gcc/nios2-elf/5.3.0/../../../../../H-x86_64-mingw32/nios2-elf/lib/mhw-mulx\libc.a(lib_a-strlen.o)
 .bss           0x00000000000074bc        0x0 c:/intelfpga/nios2eds/bin/gnu/h-x86_64-mingw32/bin/../lib/gcc/nios2-elf/5.3.0/../../../../../H-x86_64-mingw32/nios2-elf/lib/mhw-mulx\libc.a(lib_a-__atexit.o)
 .bss           0x00000000000074bc        0x0 c:/intelfpga/nios2eds/bin/gnu/h-x86_64-mingw32/bin/../lib/gcc/nios2-elf/5.3.0/../../../../../H-x86_64-mingw32/nios2-elf/lib/mhw-mulx\libc.a(lib_a-__call_atexit.o)
 .bss           0x00000000000074bc        0x0 ../media_bsp/\libhal_bsp.a(alt_exit.o)
 *(COMMON)
 COMMON         0x00000000000074bc      0x100 ../media_bsp/\libhal_bsp.a(alt_irq_handler.o)
                0x00000000000074bc                alt_irq
                0x00000000000075bc                . = ALIGN (0x4)
                0x00000000000075bc                __bss_end = ABSOLUTE (.)

.SDRAM          0x00000000000075bc        0x0
                [!provide]                        PROVIDE (_alt_partition_SDRAM_start, ABSOLUTE (.))
 *(.SDRAM .SDRAM. SDRAM.*)
                0x00000000000075bc                . = ALIGN (0x4)
                [!provide]                        PROVIDE (_alt_partition_SDRAM_end, ABSOLUTE (.))
                0x00000000000075bc                _end = ABSOLUTE (.)
                0x00000000000075bc                end = ABSOLUTE (.)
                0x00000000000075bc                __alt_stack_base = ABSOLUTE (.)
                [!provide]                        PROVIDE (_alt_partition_SDRAM_load_addr, LOADADDR (.SDRAM))

.VGA_Subsystem_Char_Buf_Subsystem_Onchip_SRAM
                0x0000000009000000        0x0 load address 0x00000000000075bc
                [!provide]                        PROVIDE (_alt_partition_VGA_Subsystem_Char_Buf_Subsystem_Onchip_SRAM_start, ABSOLUTE (.))
 *(.VGA_Subsystem_Char_Buf_Subsystem_Onchip_SRAM .VGA_Subsystem_Char_Buf_Subsystem_Onchip_SRAM. VGA_Subsystem_Char_Buf_Subsystem_Onchip_SRAM.*)
                0x0000000009000000                . = ALIGN (0x4)
                [!provide]                        PROVIDE (_alt_partition_VGA_Subsystem_Char_Buf_Subsystem_Onchip_SRAM_end, ABSOLUTE (.))
                [!provide]                        PROVIDE (_alt_partition_VGA_Subsystem_Char_Buf_Subsystem_Onchip_SRAM_load_addr, LOADADDR (.VGA_Subsystem_Char_Buf_Subsystem_Onchip_SRAM))

.stab
 *(.stab)

.stabstr
 *(.stabstr)

.stab.excl
 *(.stab.excl)

.stab.exclstr
 *(.stab.exclstr)

.stab.index
 *(.stab.index)

.stab.indexstr
 *(.stab.indexstr)

.comment        0x0000000000000000       0x23
 *(.comment)
 .comment       0x0000000000000000       0x23 obj/default/media.o
                                         0x24 (size before relaxing)
 .comment       0x0000000000000023       0x24 c:/intelfpga/nios2eds/bin/gnu/h-x86_64-mingw32/bin/../lib/gcc/nios2-elf/5.3.0/../../../../../H-x86_64-mingw32/nios2-elf/lib/mhw-mulx\libc.a(lib_a-memcpy.o)
 .comment       0x0000000000000023       0x24 ../media_bsp/\libhal_bsp.a(alt_load.o)
 .comment       0x0000000000000023       0x24 ../media_bsp/\libhal_bsp.a(alt_main.o)
 .comment       0x0000000000000023       0x24 ../media_bsp/\libhal_bsp.a(alt_sys_init.o)
 .comment       0x0000000000000023       0x24 ../media_bsp/\libhal_bsp.a(altera_avalon_jtag_uart_fd.o)
 .comment       0x0000000000000023       0x24 ../media_bsp/\libhal_bsp.a(altera_avalon_jtag_uart_init.o)
 .comment       0x0000000000000023       0x24 ../media_bsp/\libhal_bsp.a(altera_avalon_jtag_uart_ioctl.o)
 .comment       0x0000000000000023       0x24 ../media_bsp/\libhal_bsp.a(altera_avalon_jtag_uart_read.o)
 .comment       0x0000000000000023       0x24 ../media_bsp/\libhal_bsp.a(altera_avalon_jtag_uart_write.o)
 .comment       0x0000000000000023       0x24 ../media_bsp/\libhal_bsp.a(altera_avalon_timer_sc.o)
 .comment       0x0000000000000023       0x24 ../media_bsp/\libhal_bsp.a(altera_up_avalon_character_lcd.o)
 .comment       0x0000000000000023       0x24 ../media_bsp/\libhal_bsp.a(altera_up_avalon_irda.o)
 .comment       0x0000000000000023       0x24 ../media_bsp/\libhal_bsp.a(altera_up_avalon_ps2.o)
 .comment       0x0000000000000023       0x24 ../media_bsp/\libhal_bsp.a(altera_up_avalon_rs232.o)
 .comment       0x0000000000000023       0x24 ../media_bsp/\libhal_bsp.a(alt_alarm_start.o)
 .comment       0x0000000000000023       0x24 ../media_bsp/\libhal_bsp.a(alt_close.o)
 .comment       0x0000000000000023       0x24 ../media_bsp/\libhal_bsp.a(alt_dcache_flush_all.o)
 .comment       0x0000000000000023       0x24 ../media_bsp/\libhal_bsp.a(alt_dev.o)
 .comment       0x0000000000000023       0x24 ../media_bsp/\libhal_bsp.a(alt_dev_llist_insert.o)
 .comment       0x0000000000000023       0x24 ../media_bsp/\libhal_bsp.a(alt_do_ctors.o)
 .comment       0x0000000000000023       0x24 ../media_bsp/\libhal_bsp.a(alt_do_dtors.o)
 .comment       0x0000000000000023       0x24 ../media_bsp/\libhal_bsp.a(alt_errno.o)
 .comment       0x0000000000000023       0x24 ../media_bsp/\libhal_bsp.a(alt_find_dev.o)
 .comment       0x0000000000000023       0x24 ../media_bsp/\libhal_bsp.a(alt_icache_flush_all.o)
 .comment       0x0000000000000023       0x24 ../media_bsp/\libhal_bsp.a(alt_io_redirect.o)
 .comment       0x0000000000000023       0x24 ../media_bsp/\libhal_bsp.a(alt_irq_register.o)
 .comment       0x0000000000000023       0x24 ../media_bsp/\libhal_bsp.a(alt_irq_vars.o)
 .comment       0x0000000000000023       0x24 ../media_bsp/\libhal_bsp.a(alt_open.o)
 .comment       0x0000000000000023       0x24 ../media_bsp/\libhal_bsp.a(alt_release_fd.o)
 .comment       0x0000000000000023       0x24 ../media_bsp/\libhal_bsp.a(alt_tick.o)
 .comment       0x0000000000000023       0x24 ../media_bsp/\libhal_bsp.a(altera_nios2_gen2_irq.o)
 .comment       0x0000000000000023       0x24 ../media_bsp/\libhal_bsp.a(alt_find_file.o)
 .comment       0x0000000000000023       0x24 ../media_bsp/\libhal_bsp.a(alt_get_fd.o)
 .comment       0x0000000000000023       0x24 ../media_bsp/\libhal_bsp.a(alt_icache_flush.o)
 .comment       0x0000000000000023       0x24 ../media_bsp/\libhal_bsp.a(alt_irq_handler.o)
 .comment       0x0000000000000023       0x24 ../media_bsp/\libhal_bsp.a(alt_instruction_exception_entry.o)
 .comment       0x0000000000000023       0x24 c:/intelfpga/nios2eds/bin/gnu/h-x86_64-mingw32/bin/../lib/gcc/nios2-elf/5.3.0/../../../../../H-x86_64-mingw32/nios2-elf/lib/mhw-mulx\libc.a(lib_a-atexit.o)
 .comment       0x0000000000000023       0x24 c:/intelfpga/nios2eds/bin/gnu/h-x86_64-mingw32/bin/../lib/gcc/nios2-elf/5.3.0/../../../../../H-x86_64-mingw32/nios2-elf/lib/mhw-mulx\libc.a(lib_a-exit.o)
 .comment       0x0000000000000023       0x24 c:/intelfpga/nios2eds/bin/gnu/h-x86_64-mingw32/bin/../lib/gcc/nios2-elf/5.3.0/../../../../../H-x86_64-mingw32/nios2-elf/lib/mhw-mulx\libc.a(lib_a-impure.o)
 .comment       0x0000000000000023       0x24 c:/intelfpga/nios2eds/bin/gnu/h-x86_64-mingw32/bin/../lib/gcc/nios2-elf/5.3.0/../../../../../H-x86_64-mingw32/nios2-elf/lib/mhw-mulx\libc.a(lib_a-int_errno.o)
 .comment       0x0000000000000023       0x24 c:/intelfpga/nios2eds/bin/gnu/h-x86_64-mingw32/bin/../lib/gcc/nios2-elf/5.3.0/../../../../../H-x86_64-mingw32/nios2-elf/lib/mhw-mulx\libc.a(lib_a-memcmp.o)
 .comment       0x0000000000000023       0x24 c:/intelfpga/nios2eds/bin/gnu/h-x86_64-mingw32/bin/../lib/gcc/nios2-elf/5.3.0/../../../../../H-x86_64-mingw32/nios2-elf/lib/mhw-mulx\libc.a(lib_a-strlen.o)
 .comment       0x0000000000000023       0x24 c:/intelfpga/nios2eds/bin/gnu/h-x86_64-mingw32/bin/../lib/gcc/nios2-elf/5.3.0/../../../../../H-x86_64-mingw32/nios2-elf/lib/mhw-mulx\libc.a(lib_a-__atexit.o)
 .comment       0x0000000000000023       0x24 c:/intelfpga/nios2eds/bin/gnu/h-x86_64-mingw32/bin/../lib/gcc/nios2-elf/5.3.0/../../../../../H-x86_64-mingw32/nios2-elf/lib/mhw-mulx\libc.a(lib_a-__call_atexit.o)
 .comment       0x0000000000000023       0x24 ../media_bsp/\libhal_bsp.a(alt_exit.o)

.debug
 *(.debug)

.line
 *(.line)

.debug_srcinfo
 *(.debug_srcinfo)

.debug_sfnames
 *(.debug_sfnames)

.debug_aranges  0x0000000000000000      0x638
 *(.debug_aranges)
 .debug_aranges
                0x0000000000000000       0x28 ../media_bsp//obj/HAL/src/crt0.o
 .debug_aranges
                0x0000000000000028       0x20 obj/default/media.o
 .debug_aranges
                0x0000000000000048       0x20 c:/intelfpga/nios2eds/bin/gnu/h-x86_64-mingw32/bin/../lib/gcc/nios2-elf/5.3.0/../../../../../H-x86_64-mingw32/nios2-elf/lib/mhw-mulx\libc.a(lib_a-memcpy.o)
 .debug_aranges
                0x0000000000000068       0x20 ../media_bsp/\libhal_bsp.a(alt_load.o)
 .debug_aranges
                0x0000000000000088       0x20 ../media_bsp/\libhal_bsp.a(alt_main.o)
 .debug_aranges
                0x00000000000000a8       0x20 ../media_bsp/\libhal_bsp.a(alt_sys_init.o)
 .debug_aranges
                0x00000000000000c8       0x20 ../media_bsp/\libhal_bsp.a(altera_avalon_jtag_uart_fd.o)
 .debug_aranges
                0x00000000000000e8       0x20 ../media_bsp/\libhal_bsp.a(altera_avalon_jtag_uart_init.o)
 .debug_aranges
                0x0000000000000108       0x20 ../media_bsp/\libhal_bsp.a(altera_avalon_jtag_uart_ioctl.o)
 .debug_aranges
                0x0000000000000128       0x20 ../media_bsp/\libhal_bsp.a(altera_avalon_jtag_uart_read.o)
 .debug_aranges
                0x0000000000000148       0x20 ../media_bsp/\libhal_bsp.a(altera_avalon_jtag_uart_write.o)
 .debug_aranges
                0x0000000000000168       0x20 ../media_bsp/\libhal_bsp.a(altera_avalon_timer_sc.o)
 .debug_aranges
                0x0000000000000188       0x20 ../media_bsp/\libhal_bsp.a(altera_up_avalon_character_lcd.o)
 .debug_aranges
                0x00000000000001a8       0x20 ../media_bsp/\libhal_bsp.a(altera_up_avalon_irda.o)
 .debug_aranges
                0x00000000000001c8       0x20 ../media_bsp/\libhal_bsp.a(altera_up_avalon_ps2.o)
 .debug_aranges
                0x00000000000001e8       0x20 ../media_bsp/\libhal_bsp.a(altera_up_avalon_rs232.o)
 .debug_aranges
                0x0000000000000208       0x20 ../media_bsp/\libhal_bsp.a(alt_alarm_start.o)
 .debug_aranges
                0x0000000000000228       0x20 ../media_bsp/\libhal_bsp.a(alt_close.o)
 .debug_aranges
                0x0000000000000248       0x20 ../media_bsp/\libhal_bsp.a(alt_dcache_flush_all.o)
 .debug_aranges
                0x0000000000000268       0x20 ../media_bsp/\libhal_bsp.a(alt_dev.o)
 .debug_aranges
                0x0000000000000288       0x20 ../media_bsp/\libhal_bsp.a(alt_dev_llist_insert.o)
 .debug_aranges
                0x00000000000002a8       0x20 ../media_bsp/\libhal_bsp.a(alt_do_ctors.o)
 .debug_aranges
                0x00000000000002c8       0x20 ../media_bsp/\libhal_bsp.a(alt_do_dtors.o)
 .debug_aranges
                0x00000000000002e8       0x18 ../media_bsp/\libhal_bsp.a(alt_errno.o)
 .debug_aranges
                0x0000000000000300       0x20 ../media_bsp/\libhal_bsp.a(alt_find_dev.o)
 .debug_aranges
                0x0000000000000320       0x20 ../media_bsp/\libhal_bsp.a(alt_icache_flush_all.o)
 .debug_aranges
                0x0000000000000340       0x20 ../media_bsp/\libhal_bsp.a(alt_io_redirect.o)
 .debug_aranges
                0x0000000000000360       0x20 ../media_bsp/\libhal_bsp.a(alt_irq_register.o)
 .debug_aranges
                0x0000000000000380       0x18 ../media_bsp/\libhal_bsp.a(alt_irq_vars.o)
 .debug_aranges
                0x0000000000000398       0x20 ../media_bsp/\libhal_bsp.a(alt_open.o)
 .debug_aranges
                0x00000000000003b8       0x20 ../media_bsp/\libhal_bsp.a(alt_release_fd.o)
 .debug_aranges
                0x00000000000003d8       0x20 ../media_bsp/\libhal_bsp.a(alt_tick.o)
 .debug_aranges
                0x00000000000003f8       0x20 ../media_bsp/\libhal_bsp.a(altera_nios2_gen2_irq.o)
 .debug_aranges
                0x0000000000000418       0x20 ../media_bsp/\libhal_bsp.a(alt_find_file.o)
 .debug_aranges
                0x0000000000000438       0x20 ../media_bsp/\libhal_bsp.a(alt_get_fd.o)
 .debug_aranges
                0x0000000000000458       0x20 ../media_bsp/\libhal_bsp.a(alt_icache_flush.o)
 .debug_aranges
                0x0000000000000478       0x30 ../media_bsp/\libhal_bsp.a(alt_irq_entry.o)
 .debug_aranges
                0x00000000000004a8       0x20 ../media_bsp/\libhal_bsp.a(alt_irq_handler.o)
 .debug_aranges
                0x00000000000004c8       0x38 ../media_bsp/\libhal_bsp.a(alt_exception_entry.o)
 .debug_aranges
                0x0000000000000500       0x28 ../media_bsp/\libhal_bsp.a(alt_instruction_exception_entry.o)
 .debug_aranges
                0x0000000000000528       0x20 c:/intelfpga/nios2eds/bin/gnu/h-x86_64-mingw32/bin/../lib/gcc/nios2-elf/5.3.0/../../../../../H-x86_64-mingw32/nios2-elf/lib/mhw-mulx\libc.a(lib_a-atexit.o)
 .debug_aranges
                0x0000000000000548       0x20 c:/intelfpga/nios2eds/bin/gnu/h-x86_64-mingw32/bin/../lib/gcc/nios2-elf/5.3.0/../../../../../H-x86_64-mingw32/nios2-elf/lib/mhw-mulx\libc.a(lib_a-exit.o)
 .debug_aranges
                0x0000000000000568       0x18 c:/intelfpga/nios2eds/bin/gnu/h-x86_64-mingw32/bin/../lib/gcc/nios2-elf/5.3.0/../../../../../H-x86_64-mingw32/nios2-elf/lib/mhw-mulx\libc.a(lib_a-impure.o)
 .debug_aranges
                0x0000000000000580       0x18 c:/intelfpga/nios2eds/bin/gnu/h-x86_64-mingw32/bin/../lib/gcc/nios2-elf/5.3.0/../../../../../H-x86_64-mingw32/nios2-elf/lib/mhw-mulx\libc.a(lib_a-int_errno.o)
 .debug_aranges
                0x0000000000000598       0x20 c:/intelfpga/nios2eds/bin/gnu/h-x86_64-mingw32/bin/../lib/gcc/nios2-elf/5.3.0/../../../../../H-x86_64-mingw32/nios2-elf/lib/mhw-mulx\libc.a(lib_a-memcmp.o)
 .debug_aranges
                0x00000000000005b8       0x20 c:/intelfpga/nios2eds/bin/gnu/h-x86_64-mingw32/bin/../lib/gcc/nios2-elf/5.3.0/../../../../../H-x86_64-mingw32/nios2-elf/lib/mhw-mulx\libc.a(lib_a-strlen.o)
 .debug_aranges
                0x00000000000005d8       0x20 c:/intelfpga/nios2eds/bin/gnu/h-x86_64-mingw32/bin/../lib/gcc/nios2-elf/5.3.0/../../../../../H-x86_64-mingw32/nios2-elf/lib/mhw-mulx\libc.a(lib_a-__atexit.o)
 .debug_aranges
                0x00000000000005f8       0x20 c:/intelfpga/nios2eds/bin/gnu/h-x86_64-mingw32/bin/../lib/gcc/nios2-elf/5.3.0/../../../../../H-x86_64-mingw32/nios2-elf/lib/mhw-mulx\libc.a(lib_a-__call_atexit.o)
 .debug_aranges
                0x0000000000000618       0x20 ../media_bsp/\libhal_bsp.a(alt_exit.o)

.debug_pubnames
 *(.debug_pubnames)

.debug_info     0x0000000000000000     0x9653
 *(.debug_info .gnu.linkonce.wi.*)
 .debug_info    0x0000000000000000       0x65 ../media_bsp//obj/HAL/src/crt0.o
 .debug_info    0x0000000000000065      0x382 obj/default/media.o
 .debug_info    0x00000000000003e7      0x144 c:/intelfpga/nios2eds/bin/gnu/h-x86_64-mingw32/bin/../lib/gcc/nios2-elf/5.3.0/../../../../../H-x86_64-mingw32/nios2-elf/lib/mhw-mulx\libc.a(lib_a-memcpy.o)
 .debug_info    0x000000000000052b      0x145 ../media_bsp/\libhal_bsp.a(alt_load.o)
 .debug_info    0x0000000000000670      0x157 ../media_bsp/\libhal_bsp.a(alt_main.o)
 .debug_info    0x00000000000007c7      0x959 ../media_bsp/\libhal_bsp.a(alt_sys_init.o)
 .debug_info    0x0000000000001120      0x52e ../media_bsp/\libhal_bsp.a(altera_avalon_jtag_uart_fd.o)
 .debug_info    0x000000000000164e      0x3c3 ../media_bsp/\libhal_bsp.a(altera_avalon_jtag_uart_init.o)
 .debug_info    0x0000000000001a11      0x280 ../media_bsp/\libhal_bsp.a(altera_avalon_jtag_uart_ioctl.o)
 .debug_info    0x0000000000001c91      0x35b ../media_bsp/\libhal_bsp.a(altera_avalon_jtag_uart_read.o)
 .debug_info    0x0000000000001fec      0x356 ../media_bsp/\libhal_bsp.a(altera_avalon_jtag_uart_write.o)
 .debug_info    0x0000000000002342      0x249 ../media_bsp/\libhal_bsp.a(altera_avalon_timer_sc.o)
 .debug_info    0x000000000000258b      0x601 ../media_bsp/\libhal_bsp.a(altera_up_avalon_character_lcd.o)
 .debug_info    0x0000000000002b8c      0x568 ../media_bsp/\libhal_bsp.a(altera_up_avalon_irda.o)
 .debug_info    0x00000000000030f4      0x7d4 ../media_bsp/\libhal_bsp.a(altera_up_avalon_ps2.o)
 .debug_info    0x00000000000038c8      0x568 ../media_bsp/\libhal_bsp.a(altera_up_avalon_rs232.o)
 .debug_info    0x0000000000003e30      0x2e2 ../media_bsp/\libhal_bsp.a(alt_alarm_start.o)
 .debug_info    0x0000000000004112      0x321 ../media_bsp/\libhal_bsp.a(alt_close.o)
 .debug_info    0x0000000000004433       0x92 ../media_bsp/\libhal_bsp.a(alt_dcache_flush_all.o)
 .debug_info    0x00000000000044c5      0x49c ../media_bsp/\libhal_bsp.a(alt_dev.o)
 .debug_info    0x0000000000004961      0x1a9 ../media_bsp/\libhal_bsp.a(alt_dev_llist_insert.o)
 .debug_info    0x0000000000004b0a       0x83 ../media_bsp/\libhal_bsp.a(alt_do_ctors.o)
 .debug_info    0x0000000000004b8d       0x83 ../media_bsp/\libhal_bsp.a(alt_do_dtors.o)
 .debug_info    0x0000000000004c10       0xa6 ../media_bsp/\libhal_bsp.a(alt_errno.o)
 .debug_info    0x0000000000004cb6      0x2e9 ../media_bsp/\libhal_bsp.a(alt_find_dev.o)
 .debug_info    0x0000000000004f9f       0x92 ../media_bsp/\libhal_bsp.a(alt_icache_flush_all.o)
 .debug_info    0x0000000000005031      0x4a5 ../media_bsp/\libhal_bsp.a(alt_io_redirect.o)
 .debug_info    0x00000000000054d6      0x329 ../media_bsp/\libhal_bsp.a(alt_irq_register.o)
 .debug_info    0x00000000000057ff       0x88 ../media_bsp/\libhal_bsp.a(alt_irq_vars.o)
 .debug_info    0x0000000000005887      0x3bb ../media_bsp/\libhal_bsp.a(alt_open.o)
 .debug_info    0x0000000000005c42      0x2b0 ../media_bsp/\libhal_bsp.a(alt_release_fd.o)
 .debug_info    0x0000000000005ef2      0x2af ../media_bsp/\libhal_bsp.a(alt_tick.o)
 .debug_info    0x00000000000061a1       0xb8 ../media_bsp/\libhal_bsp.a(altera_nios2_gen2_irq.o)
 .debug_info    0x0000000000006259      0x2e6 ../media_bsp/\libhal_bsp.a(alt_find_file.o)
 .debug_info    0x000000000000653f      0x310 ../media_bsp/\libhal_bsp.a(alt_get_fd.o)
 .debug_info    0x000000000000684f       0xdc ../media_bsp/\libhal_bsp.a(alt_icache_flush.o)
 .debug_info    0x000000000000692b       0x6e ../media_bsp/\libhal_bsp.a(alt_irq_entry.o)
 .debug_info    0x0000000000006999      0x1a7 ../media_bsp/\libhal_bsp.a(alt_irq_handler.o)
 .debug_info    0x0000000000006b40       0x74 ../media_bsp/\libhal_bsp.a(alt_exception_entry.o)
 .debug_info    0x0000000000006bb4      0x1e7 ../media_bsp/\libhal_bsp.a(alt_instruction_exception_entry.o)
 .debug_info    0x0000000000006d9b       0xfe c:/intelfpga/nios2eds/bin/gnu/h-x86_64-mingw32/bin/../lib/gcc/nios2-elf/5.3.0/../../../../../H-x86_64-mingw32/nios2-elf/lib/mhw-mulx\libc.a(lib_a-atexit.o)
 .debug_info    0x0000000000006e99      0x8e4 c:/intelfpga/nios2eds/bin/gnu/h-x86_64-mingw32/bin/../lib/gcc/nios2-elf/5.3.0/../../../../../H-x86_64-mingw32/nios2-elf/lib/mhw-mulx\libc.a(lib_a-exit.o)
 .debug_info    0x000000000000777d      0x8a1 c:/intelfpga/nios2eds/bin/gnu/h-x86_64-mingw32/bin/../lib/gcc/nios2-elf/5.3.0/../../../../../H-x86_64-mingw32/nios2-elf/lib/mhw-mulx\libc.a(lib_a-impure.o)
 .debug_info    0x000000000000801e       0x8a c:/intelfpga/nios2eds/bin/gnu/h-x86_64-mingw32/bin/../lib/gcc/nios2-elf/5.3.0/../../../../../H-x86_64-mingw32/nios2-elf/lib/mhw-mulx\libc.a(lib_a-int_errno.o)
 .debug_info    0x00000000000080a8      0x11a c:/intelfpga/nios2eds/bin/gnu/h-x86_64-mingw32/bin/../lib/gcc/nios2-elf/5.3.0/../../../../../H-x86_64-mingw32/nios2-elf/lib/mhw-mulx\libc.a(lib_a-memcmp.o)
 .debug_info    0x00000000000081c2       0xe2 c:/intelfpga/nios2eds/bin/gnu/h-x86_64-mingw32/bin/../lib/gcc/nios2-elf/5.3.0/../../../../../H-x86_64-mingw32/nios2-elf/lib/mhw-mulx\libc.a(lib_a-strlen.o)
 .debug_info    0x00000000000082a4      0x934 c:/intelfpga/nios2eds/bin/gnu/h-x86_64-mingw32/bin/../lib/gcc/nios2-elf/5.3.0/../../../../../H-x86_64-mingw32/nios2-elf/lib/mhw-mulx\libc.a(lib_a-__atexit.o)
 .debug_info    0x0000000000008bd8      0x965 c:/intelfpga/nios2eds/bin/gnu/h-x86_64-mingw32/bin/../lib/gcc/nios2-elf/5.3.0/../../../../../H-x86_64-mingw32/nios2-elf/lib/mhw-mulx\libc.a(lib_a-__call_atexit.o)
 .debug_info    0x000000000000953d      0x116 ../media_bsp/\libhal_bsp.a(alt_exit.o)

.debug_abbrev   0x0000000000000000     0x2fab
 *(.debug_abbrev)
 .debug_abbrev  0x0000000000000000       0x12 ../media_bsp//obj/HAL/src/crt0.o
 .debug_abbrev  0x0000000000000012       0xd6 obj/default/media.o
 .debug_abbrev  0x00000000000000e8       0xa3 c:/intelfpga/nios2eds/bin/gnu/h-x86_64-mingw32/bin/../lib/gcc/nios2-elf/5.3.0/../../../../../H-x86_64-mingw32/nios2-elf/lib/mhw-mulx\libc.a(lib_a-memcpy.o)
 .debug_abbrev  0x000000000000018b       0x9f ../media_bsp/\libhal_bsp.a(alt_load.o)
 .debug_abbrev  0x000000000000022a       0xc1 ../media_bsp/\libhal_bsp.a(alt_main.o)
 .debug_abbrev  0x00000000000002eb      0x19f ../media_bsp/\libhal_bsp.a(alt_sys_init.o)
 .debug_abbrev  0x000000000000048a      0x127 ../media_bsp/\libhal_bsp.a(altera_avalon_jtag_uart_fd.o)
 .debug_abbrev  0x00000000000005b1      0x19e ../media_bsp/\libhal_bsp.a(altera_avalon_jtag_uart_init.o)
 .debug_abbrev  0x000000000000074f      0x111 ../media_bsp/\libhal_bsp.a(altera_avalon_jtag_uart_ioctl.o)
 .debug_abbrev  0x0000000000000860      0x1aa ../media_bsp/\libhal_bsp.a(altera_avalon_jtag_uart_read.o)
 .debug_abbrev  0x0000000000000a0a      0x1a8 ../media_bsp/\libhal_bsp.a(altera_avalon_jtag_uart_write.o)
 .debug_abbrev  0x0000000000000bb2      0x155 ../media_bsp/\libhal_bsp.a(altera_avalon_timer_sc.o)
 .debug_abbrev  0x0000000000000d07      0x156 ../media_bsp/\libhal_bsp.a(altera_up_avalon_character_lcd.o)
 .debug_abbrev  0x0000000000000e5d      0x135 ../media_bsp/\libhal_bsp.a(altera_up_avalon_irda.o)
 .debug_abbrev  0x0000000000000f92      0x1a1 ../media_bsp/\libhal_bsp.a(altera_up_avalon_ps2.o)
 .debug_abbrev  0x0000000000001133      0x135 ../media_bsp/\libhal_bsp.a(altera_up_avalon_rs232.o)
 .debug_abbrev  0x0000000000001268      0x162 ../media_bsp/\libhal_bsp.a(alt_alarm_start.o)
 .debug_abbrev  0x00000000000013ca      0x11f ../media_bsp/\libhal_bsp.a(alt_close.o)
 .debug_abbrev  0x00000000000014e9       0x42 ../media_bsp/\libhal_bsp.a(alt_dcache_flush_all.o)
 .debug_abbrev  0x000000000000152b       0xd9 ../media_bsp/\libhal_bsp.a(alt_dev.o)
 .debug_abbrev  0x0000000000001604      0x114 ../media_bsp/\libhal_bsp.a(alt_dev_llist_insert.o)
 .debug_abbrev  0x0000000000001718       0x79 ../media_bsp/\libhal_bsp.a(alt_do_ctors.o)
 .debug_abbrev  0x0000000000001791       0x79 ../media_bsp/\libhal_bsp.a(alt_do_dtors.o)
 .debug_abbrev  0x000000000000180a       0x5a ../media_bsp/\libhal_bsp.a(alt_errno.o)
 .debug_abbrev  0x0000000000001864       0xf0 ../media_bsp/\libhal_bsp.a(alt_find_dev.o)
 .debug_abbrev  0x0000000000001954       0x42 ../media_bsp/\libhal_bsp.a(alt_icache_flush_all.o)
 .debug_abbrev  0x0000000000001996      0x114 ../media_bsp/\libhal_bsp.a(alt_io_redirect.o)
 .debug_abbrev  0x0000000000001aaa      0x186 ../media_bsp/\libhal_bsp.a(alt_irq_register.o)
 .debug_abbrev  0x0000000000001c30       0x40 ../media_bsp/\libhal_bsp.a(alt_irq_vars.o)
 .debug_abbrev  0x0000000000001c70      0x148 ../media_bsp/\libhal_bsp.a(alt_open.o)
 .debug_abbrev  0x0000000000001db8       0xde ../media_bsp/\libhal_bsp.a(alt_release_fd.o)
 .debug_abbrev  0x0000000000001e96      0x16b ../media_bsp/\libhal_bsp.a(alt_tick.o)
 .debug_abbrev  0x0000000000002001       0x67 ../media_bsp/\libhal_bsp.a(altera_nios2_gen2_irq.o)
 .debug_abbrev  0x0000000000002068       0xf0 ../media_bsp/\libhal_bsp.a(alt_find_file.o)
 .debug_abbrev  0x0000000000002158      0x10d ../media_bsp/\libhal_bsp.a(alt_get_fd.o)
 .debug_abbrev  0x0000000000002265       0x8c ../media_bsp/\libhal_bsp.a(alt_icache_flush.o)
 .debug_abbrev  0x00000000000022f1       0x12 ../media_bsp/\libhal_bsp.a(alt_irq_entry.o)
 .debug_abbrev  0x0000000000002303      0x13a ../media_bsp/\libhal_bsp.a(alt_irq_handler.o)
 .debug_abbrev  0x000000000000243d       0x12 ../media_bsp/\libhal_bsp.a(alt_exception_entry.o)
 .debug_abbrev  0x000000000000244f       0xdc ../media_bsp/\libhal_bsp.a(alt_instruction_exception_entry.o)
 .debug_abbrev  0x000000000000252b       0xaa c:/intelfpga/nios2eds/bin/gnu/h-x86_64-mingw32/bin/../lib/gcc/nios2-elf/5.3.0/../../../../../H-x86_64-mingw32/nios2-elf/lib/mhw-mulx\libc.a(lib_a-atexit.o)
 .debug_abbrev  0x00000000000025d5      0x1e5 c:/intelfpga/nios2eds/bin/gnu/h-x86_64-mingw32/bin/../lib/gcc/nios2-elf/5.3.0/../../../../../H-x86_64-mingw32/nios2-elf/lib/mhw-mulx\libc.a(lib_a-exit.o)
 .debug_abbrev  0x00000000000027ba      0x18f c:/intelfpga/nios2eds/bin/gnu/h-x86_64-mingw32/bin/../lib/gcc/nios2-elf/5.3.0/../../../../../H-x86_64-mingw32/nios2-elf/lib/mhw-mulx\libc.a(lib_a-impure.o)
 .debug_abbrev  0x0000000000002949       0x37 c:/intelfpga/nios2eds/bin/gnu/h-x86_64-mingw32/bin/../lib/gcc/nios2-elf/5.3.0/../../../../../H-x86_64-mingw32/nios2-elf/lib/mhw-mulx\libc.a(lib_a-int_errno.o)
 .debug_abbrev  0x0000000000002980       0x7f c:/intelfpga/nios2eds/bin/gnu/h-x86_64-mingw32/bin/../lib/gcc/nios2-elf/5.3.0/../../../../../H-x86_64-mingw32/nios2-elf/lib/mhw-mulx\libc.a(lib_a-memcmp.o)
 .debug_abbrev  0x00000000000029ff       0x90 c:/intelfpga/nios2eds/bin/gnu/h-x86_64-mingw32/bin/../lib/gcc/nios2-elf/5.3.0/../../../../../H-x86_64-mingw32/nios2-elf/lib/mhw-mulx\libc.a(lib_a-strlen.o)
 .debug_abbrev  0x0000000000002a8f      0x21e c:/intelfpga/nios2eds/bin/gnu/h-x86_64-mingw32/bin/../lib/gcc/nios2-elf/5.3.0/../../../../../H-x86_64-mingw32/nios2-elf/lib/mhw-mulx\libc.a(lib_a-__atexit.o)
 .debug_abbrev  0x0000000000002cad      0x22e c:/intelfpga/nios2eds/bin/gnu/h-x86_64-mingw32/bin/../lib/gcc/nios2-elf/5.3.0/../../../../../H-x86_64-mingw32/nios2-elf/lib/mhw-mulx\libc.a(lib_a-__call_atexit.o)
 .debug_abbrev  0x0000000000002edb       0xd0 ../media_bsp/\libhal_bsp.a(alt_exit.o)

.debug_line     0x0000000000000000     0x334a
 *(.debug_line)
 .debug_line    0x0000000000000000       0x6c ../media_bsp//obj/HAL/src/crt0.o
 .debug_line    0x000000000000006c       0xea obj/default/media.o
 .debug_line    0x0000000000000156      0x18c c:/intelfpga/nios2eds/bin/gnu/h-x86_64-mingw32/bin/../lib/gcc/nios2-elf/5.3.0/../../../../../H-x86_64-mingw32/nios2-elf/lib/mhw-mulx\libc.a(lib_a-memcpy.o)
 .debug_line    0x00000000000002e2       0x8e ../media_bsp/\libhal_bsp.a(alt_load.o)
 .debug_line    0x0000000000000370       0xd1 ../media_bsp/\libhal_bsp.a(alt_main.o)
 .debug_line    0x0000000000000441      0x2f2 ../media_bsp/\libhal_bsp.a(alt_sys_init.o)
 .debug_line    0x0000000000000733      0x12f ../media_bsp/\libhal_bsp.a(altera_avalon_jtag_uart_fd.o)
 .debug_line    0x0000000000000862      0x19f ../media_bsp/\libhal_bsp.a(altera_avalon_jtag_uart_init.o)
 .debug_line    0x0000000000000a01      0x131 ../media_bsp/\libhal_bsp.a(altera_avalon_jtag_uart_ioctl.o)
 .debug_line    0x0000000000000b32      0x185 ../media_bsp/\libhal_bsp.a(altera_avalon_jtag_uart_read.o)
 .debug_line    0x0000000000000cb7      0x184 ../media_bsp/\libhal_bsp.a(altera_avalon_jtag_uart_write.o)
 .debug_line    0x0000000000000e3b      0x113 ../media_bsp/\libhal_bsp.a(altera_avalon_timer_sc.o)
 .debug_line    0x0000000000000f4e      0x1c3 ../media_bsp/\libhal_bsp.a(altera_up_avalon_character_lcd.o)
 .debug_line    0x0000000000001111      0x13c ../media_bsp/\libhal_bsp.a(altera_up_avalon_irda.o)
 .debug_line    0x000000000000124d      0x1a5 ../media_bsp/\libhal_bsp.a(altera_up_avalon_ps2.o)
 .debug_line    0x00000000000013f2      0x13e ../media_bsp/\libhal_bsp.a(altera_up_avalon_rs232.o)
 .debug_line    0x0000000000001530      0x10d ../media_bsp/\libhal_bsp.a(alt_alarm_start.o)
 .debug_line    0x000000000000163d      0x15b ../media_bsp/\libhal_bsp.a(alt_close.o)
 .debug_line    0x0000000000001798       0x51 ../media_bsp/\libhal_bsp.a(alt_dcache_flush_all.o)
 .debug_line    0x00000000000017e9       0xee ../media_bsp/\libhal_bsp.a(alt_dev.o)
 .debug_line    0x00000000000018d7       0xcf ../media_bsp/\libhal_bsp.a(alt_dev_llist_insert.o)
 .debug_line    0x00000000000019a6       0x59 ../media_bsp/\libhal_bsp.a(alt_do_ctors.o)
 .debug_line    0x00000000000019ff       0x59 ../media_bsp/\libhal_bsp.a(alt_do_dtors.o)
 .debug_line    0x0000000000001a58       0x51 ../media_bsp/\libhal_bsp.a(alt_errno.o)
 .debug_line    0x0000000000001aa9       0xb5 ../media_bsp/\libhal_bsp.a(alt_find_dev.o)
 .debug_line    0x0000000000001b5e       0x50 ../media_bsp/\libhal_bsp.a(alt_icache_flush_all.o)
 .debug_line    0x0000000000001bae      0x129 ../media_bsp/\libhal_bsp.a(alt_io_redirect.o)
 .debug_line    0x0000000000001cd7      0x155 ../media_bsp/\libhal_bsp.a(alt_irq_register.o)
 .debug_line    0x0000000000001e2c       0x50 ../media_bsp/\libhal_bsp.a(alt_irq_vars.o)
 .debug_line    0x0000000000001e7c      0x128 ../media_bsp/\libhal_bsp.a(alt_open.o)
 .debug_line    0x0000000000001fa4       0xae ../media_bsp/\libhal_bsp.a(alt_release_fd.o)
 .debug_line    0x0000000000002052      0x113 ../media_bsp/\libhal_bsp.a(alt_tick.o)
 .debug_line    0x0000000000002165       0x8d ../media_bsp/\libhal_bsp.a(altera_nios2_gen2_irq.o)
 .debug_line    0x00000000000021f2       0xd1 ../media_bsp/\libhal_bsp.a(alt_find_file.o)
 .debug_line    0x00000000000022c3       0xd4 ../media_bsp/\libhal_bsp.a(alt_get_fd.o)
 .debug_line    0x0000000000002397       0x81 ../media_bsp/\libhal_bsp.a(alt_icache_flush.o)
 .debug_line    0x0000000000002418       0x6b ../media_bsp/\libhal_bsp.a(alt_irq_entry.o)
 .debug_line    0x0000000000002483       0xcd ../media_bsp/\libhal_bsp.a(alt_irq_handler.o)
 .debug_line    0x0000000000002550       0xb3 ../media_bsp/\libhal_bsp.a(alt_exception_entry.o)
 .debug_line    0x0000000000002603       0xba ../media_bsp/\libhal_bsp.a(alt_instruction_exception_entry.o)
 .debug_line    0x00000000000026bd       0xe7 c:/intelfpga/nios2eds/bin/gnu/h-x86_64-mingw32/bin/../lib/gcc/nios2-elf/5.3.0/../../../../../H-x86_64-mingw32/nios2-elf/lib/mhw-mulx\libc.a(lib_a-atexit.o)
 .debug_line    0x00000000000027a4      0x1fc c:/intelfpga/nios2eds/bin/gnu/h-x86_64-mingw32/bin/../lib/gcc/nios2-elf/5.3.0/../../../../../H-x86_64-mingw32/nios2-elf/lib/mhw-mulx\libc.a(lib_a-exit.o)
 .debug_line    0x00000000000029a0      0x160 c:/intelfpga/nios2eds/bin/gnu/h-x86_64-mingw32/bin/../lib/gcc/nios2-elf/5.3.0/../../../../../H-x86_64-mingw32/nios2-elf/lib/mhw-mulx\libc.a(lib_a-impure.o)
 .debug_line    0x0000000000002b00       0x5f c:/intelfpga/nios2eds/bin/gnu/h-x86_64-mingw32/bin/../lib/gcc/nios2-elf/5.3.0/../../../../../H-x86_64-mingw32/nios2-elf/lib/mhw-mulx\libc.a(lib_a-int_errno.o)
 .debug_line    0x0000000000002b5f      0x176 c:/intelfpga/nios2eds/bin/gnu/h-x86_64-mingw32/bin/../lib/gcc/nios2-elf/5.3.0/../../../../../H-x86_64-mingw32/nios2-elf/lib/mhw-mulx\libc.a(lib_a-memcmp.o)
 .debug_line    0x0000000000002cd5      0x16f c:/intelfpga/nios2eds/bin/gnu/h-x86_64-mingw32/bin/../lib/gcc/nios2-elf/5.3.0/../../../../../H-x86_64-mingw32/nios2-elf/lib/mhw-mulx\libc.a(lib_a-strlen.o)
 .debug_line    0x0000000000002e44      0x21f c:/intelfpga/nios2eds/bin/gnu/h-x86_64-mingw32/bin/../lib/gcc/nios2-elf/5.3.0/../../../../../H-x86_64-mingw32/nios2-elf/lib/mhw-mulx\libc.a(lib_a-__atexit.o)
 .debug_line    0x0000000000003063      0x23a c:/intelfpga/nios2eds/bin/gnu/h-x86_64-mingw32/bin/../lib/gcc/nios2-elf/5.3.0/../../../../../H-x86_64-mingw32/nios2-elf/lib/mhw-mulx\libc.a(lib_a-__call_atexit.o)
 .debug_line    0x000000000000329d       0xad ../media_bsp/\libhal_bsp.a(alt_exit.o)

.debug_frame    0x0000000000000000     0x132c
 *(.debug_frame)
 .debug_frame   0x0000000000000000      0x12c obj/default/media.o
 .debug_frame   0x000000000000012c       0x38 c:/intelfpga/nios2eds/bin/gnu/h-x86_64-mingw32/bin/../lib/gcc/nios2-elf/5.3.0/../../../../../H-x86_64-mingw32/nios2-elf/lib/mhw-mulx\libc.a(lib_a-memcpy.o)
 .debug_frame   0x0000000000000164       0x5c ../media_bsp/\libhal_bsp.a(alt_load.o)
 .debug_frame   0x00000000000001c0       0x2c ../media_bsp/\libhal_bsp.a(alt_main.o)
 .debug_frame   0x00000000000001ec       0x88 ../media_bsp/\libhal_bsp.a(alt_sys_init.o)
 .debug_frame   0x0000000000000274       0xb0 ../media_bsp/\libhal_bsp.a(altera_avalon_jtag_uart_fd.o)
 .debug_frame   0x0000000000000324       0xa4 ../media_bsp/\libhal_bsp.a(altera_avalon_jtag_uart_init.o)
 .debug_frame   0x00000000000003c8       0x34 ../media_bsp/\libhal_bsp.a(altera_avalon_jtag_uart_ioctl.o)
 .debug_frame   0x00000000000003fc       0x38 ../media_bsp/\libhal_bsp.a(altera_avalon_jtag_uart_read.o)
 .debug_frame   0x0000000000000434       0x38 ../media_bsp/\libhal_bsp.a(altera_avalon_jtag_uart_write.o)
 .debug_frame   0x000000000000046c       0x60 ../media_bsp/\libhal_bsp.a(altera_avalon_timer_sc.o)
 .debug_frame   0x00000000000004cc      0x204 ../media_bsp/\libhal_bsp.a(altera_up_avalon_character_lcd.o)
 .debug_frame   0x00000000000006d0      0x188 ../media_bsp/\libhal_bsp.a(altera_up_avalon_irda.o)
 .debug_frame   0x0000000000000858      0x2c0 ../media_bsp/\libhal_bsp.a(altera_up_avalon_ps2.o)
 .debug_frame   0x0000000000000b18      0x188 ../media_bsp/\libhal_bsp.a(altera_up_avalon_rs232.o)
 .debug_frame   0x0000000000000ca0       0x34 ../media_bsp/\libhal_bsp.a(alt_alarm_start.o)
 .debug_frame   0x0000000000000cd4       0x60 ../media_bsp/\libhal_bsp.a(alt_close.o)
 .debug_frame   0x0000000000000d34       0x34 ../media_bsp/\libhal_bsp.a(alt_dcache_flush_all.o)
 .debug_frame   0x0000000000000d68       0x34 ../media_bsp/\libhal_bsp.a(alt_dev.o)
 .debug_frame   0x0000000000000d9c       0x60 ../media_bsp/\libhal_bsp.a(alt_dev_llist_insert.o)
 .debug_frame   0x0000000000000dfc       0x38 ../media_bsp/\libhal_bsp.a(alt_do_ctors.o)
 .debug_frame   0x0000000000000e34       0x38 ../media_bsp/\libhal_bsp.a(alt_do_dtors.o)
 .debug_frame   0x0000000000000e6c       0x38 ../media_bsp/\libhal_bsp.a(alt_find_dev.o)
 .debug_frame   0x0000000000000ea4       0x38 ../media_bsp/\libhal_bsp.a(alt_icache_flush_all.o)
 .debug_frame   0x0000000000000edc       0x60 ../media_bsp/\libhal_bsp.a(alt_io_redirect.o)
 .debug_frame   0x0000000000000f3c       0x34 ../media_bsp/\libhal_bsp.a(alt_irq_register.o)
 .debug_frame   0x0000000000000f70       0x84 ../media_bsp/\libhal_bsp.a(alt_open.o)
 .debug_frame   0x0000000000000ff4       0x34 ../media_bsp/\libhal_bsp.a(alt_release_fd.o)
 .debug_frame   0x0000000000001028       0x5c ../media_bsp/\libhal_bsp.a(alt_tick.o)
 .debug_frame   0x0000000000001084       0x34 ../media_bsp/\libhal_bsp.a(altera_nios2_gen2_irq.o)
 .debug_frame   0x00000000000010b8       0x38 ../media_bsp/\libhal_bsp.a(alt_find_file.o)
 .debug_frame   0x00000000000010f0       0x34 ../media_bsp/\libhal_bsp.a(alt_get_fd.o)
 .debug_frame   0x0000000000001124       0x34 ../media_bsp/\libhal_bsp.a(alt_icache_flush.o)
 .debug_frame   0x0000000000001158       0x38 ../media_bsp/\libhal_bsp.a(alt_irq_handler.o)
 .debug_frame   0x0000000000001190       0x5c ../media_bsp/\libhal_bsp.a(alt_instruction_exception_entry.o)
 .debug_frame   0x00000000000011ec       0x20 c:/intelfpga/nios2eds/bin/gnu/h-x86_64-mingw32/bin/../lib/gcc/nios2-elf/5.3.0/../../../../../H-x86_64-mingw32/nios2-elf/lib/mhw-mulx\libc.a(lib_a-atexit.o)
 .debug_frame   0x000000000000120c       0x28 c:/intelfpga/nios2eds/bin/gnu/h-x86_64-mingw32/bin/../lib/gcc/nios2-elf/5.3.0/../../../../../H-x86_64-mingw32/nios2-elf/lib/mhw-mulx\libc.a(lib_a-exit.o)
 .debug_frame   0x0000000000001234       0x20 c:/intelfpga/nios2eds/bin/gnu/h-x86_64-mingw32/bin/../lib/gcc/nios2-elf/5.3.0/../../../../../H-x86_64-mingw32/nios2-elf/lib/mhw-mulx\libc.a(lib_a-memcmp.o)
 .debug_frame   0x0000000000001254       0x20 c:/intelfpga/nios2eds/bin/gnu/h-x86_64-mingw32/bin/../lib/gcc/nios2-elf/5.3.0/../../../../../H-x86_64-mingw32/nios2-elf/lib/mhw-mulx\libc.a(lib_a-strlen.o)
 .debug_frame   0x0000000000001274       0x38 c:/intelfpga/nios2eds/bin/gnu/h-x86_64-mingw32/bin/../lib/gcc/nios2-elf/5.3.0/../../../../../H-x86_64-mingw32/nios2-elf/lib/mhw-mulx\libc.a(lib_a-__atexit.o)
 .debug_frame   0x00000000000012ac       0x54 c:/intelfpga/nios2eds/bin/gnu/h-x86_64-mingw32/bin/../lib/gcc/nios2-elf/5.3.0/../../../../../H-x86_64-mingw32/nios2-elf/lib/mhw-mulx\libc.a(lib_a-__call_atexit.o)
 .debug_frame   0x0000000000001300       0x2c ../media_bsp/\libhal_bsp.a(alt_exit.o)

.debug_str      0x0000000000000000     0x254d
 *(.debug_str)
 .debug_str     0x0000000000000000      0x1dd obj/default/media.o
                                        0x200 (size before relaxing)
 .debug_str     0x00000000000001dd      0x1ad c:/intelfpga/nios2eds/bin/gnu/h-x86_64-mingw32/bin/../lib/gcc/nios2-elf/5.3.0/../../../../../H-x86_64-mingw32/nios2-elf/lib/mhw-mulx\libc.a(lib_a-memcpy.o)
                                        0x207 (size before relaxing)
 .debug_str     0x000000000000038a      0x12c ../media_bsp/\libhal_bsp.a(alt_load.o)
                                        0x220 (size before relaxing)
 .debug_str     0x00000000000004b6       0xc2 ../media_bsp/\libhal_bsp.a(alt_main.o)
                                        0x1ca (size before relaxing)
 .debug_str     0x0000000000000578      0x509 ../media_bsp/\libhal_bsp.a(alt_sys_init.o)
                                        0x6fe (size before relaxing)
 .debug_str     0x0000000000000a81       0xb2 ../media_bsp/\libhal_bsp.a(altera_avalon_jtag_uart_fd.o)
                                        0x3a8 (size before relaxing)
 .debug_str     0x0000000000000b33       0xd1 ../media_bsp/\libhal_bsp.a(altera_avalon_jtag_uart_init.o)
                                        0x35d (size before relaxing)
 .debug_str     0x0000000000000c04       0x4a ../media_bsp/\libhal_bsp.a(altera_avalon_jtag_uart_ioctl.o)
                                        0x297 (size before relaxing)
 .debug_str     0x0000000000000c4e       0x7f ../media_bsp/\libhal_bsp.a(altera_avalon_jtag_uart_read.o)
                                        0x30d (size before relaxing)
 .debug_str     0x0000000000000ccd       0x4a ../media_bsp/\libhal_bsp.a(altera_avalon_jtag_uart_write.o)
                                        0x30e (size before relaxing)
 .debug_str     0x0000000000000d17       0x6d ../media_bsp/\libhal_bsp.a(altera_avalon_timer_sc.o)
                                        0x270 (size before relaxing)
 .debug_str     0x0000000000000d84      0x1ea ../media_bsp/\libhal_bsp.a(altera_up_avalon_character_lcd.o)
                                        0x3f5 (size before relaxing)
 .debug_str     0x0000000000000f6e      0x176 ../media_bsp/\libhal_bsp.a(altera_up_avalon_irda.o)
                                        0x363 (size before relaxing)
 .debug_str     0x00000000000010e4      0x1c5 ../media_bsp/\libhal_bsp.a(altera_up_avalon_ps2.o)
                                        0x436 (size before relaxing)
 .debug_str     0x00000000000012a9      0x154 ../media_bsp/\libhal_bsp.a(altera_up_avalon_rs232.o)
                                        0x370 (size before relaxing)
 .debug_str     0x00000000000013fd       0x59 ../media_bsp/\libhal_bsp.a(alt_alarm_start.o)
                                        0x2a3 (size before relaxing)
 .debug_str     0x0000000000001456       0x44 ../media_bsp/\libhal_bsp.a(alt_close.o)
                                        0x20f (size before relaxing)
 .debug_str     0x000000000000149a       0x34 ../media_bsp/\libhal_bsp.a(alt_dcache_flush_all.o)
                                        0x159 (size before relaxing)
 .debug_str     0x00000000000014ce      0x120 ../media_bsp/\libhal_bsp.a(alt_dev.o)
                                        0x309 (size before relaxing)
 .debug_str     0x00000000000015ee       0x34 ../media_bsp/\libhal_bsp.a(alt_dev_llist_insert.o)
                                        0x1da (size before relaxing)
 .debug_str     0x0000000000001622       0x48 ../media_bsp/\libhal_bsp.a(alt_do_ctors.o)
                                         0xde (size before relaxing)
 .debug_str     0x000000000000166a       0x4c ../media_bsp/\libhal_bsp.a(alt_do_dtors.o)
                                         0xdd (size before relaxing)
 .debug_str     0x00000000000016b6       0x14 ../media_bsp/\libhal_bsp.a(alt_errno.o)
                                        0x153 (size before relaxing)
 .debug_str     0x00000000000016ca       0x24 ../media_bsp/\libhal_bsp.a(alt_find_dev.o)
                                        0x1f0 (size before relaxing)
 .debug_str     0x00000000000016ee       0x34 ../media_bsp/\libhal_bsp.a(alt_icache_flush_all.o)
                                        0x159 (size before relaxing)
 .debug_str     0x0000000000001722       0x56 ../media_bsp/\libhal_bsp.a(alt_io_redirect.o)
                                        0x31a (size before relaxing)
 .debug_str     0x0000000000001778       0x70 ../media_bsp/\libhal_bsp.a(alt_irq_register.o)
                                        0x20c (size before relaxing)
 .debug_str     0x00000000000017e8       0x17 ../media_bsp/\libhal_bsp.a(alt_irq_vars.o)
                                        0x13e (size before relaxing)
 .debug_str     0x00000000000017ff       0x2f ../media_bsp/\libhal_bsp.a(alt_open.o)
                                        0x24f (size before relaxing)
 .debug_str     0x000000000000182e       0x28 ../media_bsp/\libhal_bsp.a(alt_release_fd.o)
                                        0x1d7 (size before relaxing)
 .debug_str     0x0000000000001856       0x4a ../media_bsp/\libhal_bsp.a(alt_tick.o)
                                        0x277 (size before relaxing)
 .debug_str     0x00000000000018a0       0x3b ../media_bsp/\libhal_bsp.a(altera_nios2_gen2_irq.o)
                                        0x189 (size before relaxing)
 .debug_str     0x00000000000018db       0x26 ../media_bsp/\libhal_bsp.a(alt_find_file.o)
                                        0x1fe (size before relaxing)
 .debug_str     0x0000000000001901       0x30 ../media_bsp/\libhal_bsp.a(alt_get_fd.o)
                                        0x220 (size before relaxing)
 .debug_str     0x0000000000001931       0x2c ../media_bsp/\libhal_bsp.a(alt_icache_flush.o)
                                        0x15f (size before relaxing)
 .debug_str     0x000000000000195d       0x3a ../media_bsp/\libhal_bsp.a(alt_irq_handler.o)
                                        0x1bc (size before relaxing)
 .debug_str     0x0000000000001997      0x48b ../media_bsp/\libhal_bsp.a(alt_instruction_exception_entry.o)
                                        0x5a4 (size before relaxing)
 .debug_str     0x0000000000001e22      0x10e c:/intelfpga/nios2eds/bin/gnu/h-x86_64-mingw32/bin/../lib/gcc/nios2-elf/5.3.0/../../../../../H-x86_64-mingw32/nios2-elf/lib/mhw-mulx\libc.a(lib_a-atexit.o)
                                        0x21d (size before relaxing)
 .debug_str     0x0000000000001f30      0x3a7 c:/intelfpga/nios2eds/bin/gnu/h-x86_64-mingw32/bin/../lib/gcc/nios2-elf/5.3.0/../../../../../H-x86_64-mingw32/nios2-elf/lib/mhw-mulx\libc.a(lib_a-exit.o)
                                        0x5ba (size before relaxing)
 .debug_str     0x00000000000022d7       0xd4 c:/intelfpga/nios2eds/bin/gnu/h-x86_64-mingw32/bin/../lib/gcc/nios2-elf/5.3.0/../../../../../H-x86_64-mingw32/nios2-elf/lib/mhw-mulx\libc.a(lib_a-impure.o)
                                        0x5b1 (size before relaxing)
 .debug_str     0x00000000000023ab       0x3f c:/intelfpga/nios2eds/bin/gnu/h-x86_64-mingw32/bin/../lib/gcc/nios2-elf/5.3.0/../../../../../H-x86_64-mingw32/nios2-elf/lib/mhw-mulx\libc.a(lib_a-int_errno.o)
                                        0x1d9 (size before relaxing)
 .debug_str     0x00000000000023ea       0x44 c:/intelfpga/nios2eds/bin/gnu/h-x86_64-mingw32/bin/../lib/gcc/nios2-elf/5.3.0/../../../../../H-x86_64-mingw32/nios2-elf/lib/mhw-mulx\libc.a(lib_a-memcmp.o)
                                        0x1e0 (size before relaxing)
 .debug_str     0x000000000000242e       0x51 c:/intelfpga/nios2eds/bin/gnu/h-x86_64-mingw32/bin/../lib/gcc/nios2-elf/5.3.0/../../../../../H-x86_64-mingw32/nios2-elf/lib/mhw-mulx\libc.a(lib_a-strlen.o)
                                        0x1f3 (size before relaxing)
 .debug_str     0x000000000000247f       0x3f c:/intelfpga/nios2eds/bin/gnu/h-x86_64-mingw32/bin/../lib/gcc/nios2-elf/5.3.0/../../../../../H-x86_64-mingw32/nios2-elf/lib/mhw-mulx\libc.a(lib_a-__atexit.o)
                                        0x5f2 (size before relaxing)
 .debug_str     0x00000000000024be       0x65 c:/intelfpga/nios2eds/bin/gnu/h-x86_64-mingw32/bin/../lib/gcc/nios2-elf/5.3.0/../../../../../H-x86_64-mingw32/nios2-elf/lib/mhw-mulx\libc.a(lib_a-__call_atexit.o)
                                        0x5de (size before relaxing)
 .debug_str     0x0000000000002523       0x2a ../media_bsp/\libhal_bsp.a(alt_exit.o)
                                        0x17e (size before relaxing)

.debug_loc      0x0000000000000000      0x770
 *(.debug_loc)
 .debug_loc     0x0000000000000000      0x266 c:/intelfpga/nios2eds/bin/gnu/h-x86_64-mingw32/bin/../lib/gcc/nios2-elf/5.3.0/../../../../../H-x86_64-mingw32/nios2-elf/lib/mhw-mulx\libc.a(lib_a-memcpy.o)
 .debug_loc     0x0000000000000266       0x2c c:/intelfpga/nios2eds/bin/gnu/h-x86_64-mingw32/bin/../lib/gcc/nios2-elf/5.3.0/../../../../../H-x86_64-mingw32/nios2-elf/lib/mhw-mulx\libc.a(lib_a-atexit.o)
 .debug_loc     0x0000000000000292       0x1e c:/intelfpga/nios2eds/bin/gnu/h-x86_64-mingw32/bin/../lib/gcc/nios2-elf/5.3.0/../../../../../H-x86_64-mingw32/nios2-elf/lib/mhw-mulx\libc.a(lib_a-exit.o)
 .debug_loc     0x00000000000002b0      0x126 c:/intelfpga/nios2eds/bin/gnu/h-x86_64-mingw32/bin/../lib/gcc/nios2-elf/5.3.0/../../../../../H-x86_64-mingw32/nios2-elf/lib/mhw-mulx\libc.a(lib_a-memcmp.o)
 .debug_loc     0x00000000000003d6       0x47 c:/intelfpga/nios2eds/bin/gnu/h-x86_64-mingw32/bin/../lib/gcc/nios2-elf/5.3.0/../../../../../H-x86_64-mingw32/nios2-elf/lib/mhw-mulx\libc.a(lib_a-strlen.o)
 .debug_loc     0x000000000000041d      0x185 c:/intelfpga/nios2eds/bin/gnu/h-x86_64-mingw32/bin/../lib/gcc/nios2-elf/5.3.0/../../../../../H-x86_64-mingw32/nios2-elf/lib/mhw-mulx\libc.a(lib_a-__atexit.o)
 .debug_loc     0x00000000000005a2      0x1ce c:/intelfpga/nios2eds/bin/gnu/h-x86_64-mingw32/bin/../lib/gcc/nios2-elf/5.3.0/../../../../../H-x86_64-mingw32/nios2-elf/lib/mhw-mulx\libc.a(lib_a-__call_atexit.o)

.debug_macinfo
 *(.debug_macinfo)

.debug_weaknames
 *(.debug_weaknames)

.debug_funcnames
 *(.debug_funcnames)

.debug_typenames
 *(.debug_typenames)

.debug_varnames
 *(.debug_varnames)

.debug_alt_sim_info
                0x0000000000000000       0x20
 *(.debug_alt_sim_info)
 .debug_alt_sim_info
                0x0000000000000000       0x20 ../media_bsp//obj/HAL/src/crt0.o
                0x0000000008000000                __alt_data_end = 0x8000000
                0x0000000008000000                PROVIDE (__alt_stack_pointer, __alt_data_end)
                [!provide]                        PROVIDE (__alt_stack_limit, __alt_stack_base)
                [!provide]                        PROVIDE (__alt_heap_start, end)
                [!provide]                        PROVIDE (__alt_heap_limit, 0x8000000)
OUTPUT(media.elf elf32-littlenios2)

.debug_ranges   0x0000000000000000      0x178
 .debug_ranges  0x0000000000000000       0x20 ../media_bsp//obj/HAL/src/crt0.o
 .debug_ranges  0x0000000000000020       0x10 c:/intelfpga/nios2eds/bin/gnu/h-x86_64-mingw32/bin/../lib/gcc/nios2-elf/5.3.0/../../../../../H-x86_64-mingw32/nios2-elf/lib/mhw-mulx\libc.a(lib_a-memcpy.o)
 .debug_ranges  0x0000000000000030       0x30 ../media_bsp/\libhal_bsp.a(altera_avalon_jtag_uart_init.o)
 .debug_ranges  0x0000000000000060       0x18 ../media_bsp/\libhal_bsp.a(altera_avalon_jtag_uart_read.o)
 .debug_ranges  0x0000000000000078       0x28 ../media_bsp/\libhal_bsp.a(alt_irq_entry.o)
 .debug_ranges  0x00000000000000a0       0x10 ../media_bsp/\libhal_bsp.a(alt_irq_handler.o)
 .debug_ranges  0x00000000000000b0       0x30 ../media_bsp/\libhal_bsp.a(alt_exception_entry.o)
 .debug_ranges  0x00000000000000e0       0x18 ../media_bsp/\libhal_bsp.a(alt_instruction_exception_entry.o)
 .debug_ranges  0x00000000000000f8       0x10 c:/intelfpga/nios2eds/bin/gnu/h-x86_64-mingw32/bin/../lib/gcc/nios2-elf/5.3.0/../../../../../H-x86_64-mingw32/nios2-elf/lib/mhw-mulx\libc.a(lib_a-atexit.o)
 .debug_ranges  0x0000000000000108       0x10 c:/intelfpga/nios2eds/bin/gnu/h-x86_64-mingw32/bin/../lib/gcc/nios2-elf/5.3.0/../../../../../H-x86_64-mingw32/nios2-elf/lib/mhw-mulx\libc.a(lib_a-exit.o)
 .debug_ranges  0x0000000000000118       0x10 c:/intelfpga/nios2eds/bin/gnu/h-x86_64-mingw32/bin/../lib/gcc/nios2-elf/5.3.0/../../../../../H-x86_64-mingw32/nios2-elf/lib/mhw-mulx\libc.a(lib_a-memcmp.o)
 .debug_ranges  0x0000000000000128       0x10 c:/intelfpga/nios2eds/bin/gnu/h-x86_64-mingw32/bin/../lib/gcc/nios2-elf/5.3.0/../../../../../H-x86_64-mingw32/nios2-elf/lib/mhw-mulx\libc.a(lib_a-strlen.o)
 .debug_ranges  0x0000000000000138       0x10 c:/intelfpga/nios2eds/bin/gnu/h-x86_64-mingw32/bin/../lib/gcc/nios2-elf/5.3.0/../../../../../H-x86_64-mingw32/nios2-elf/lib/mhw-mulx\libc.a(lib_a-__atexit.o)
 .debug_ranges  0x0000000000000148       0x30 c:/intelfpga/nios2eds/bin/gnu/h-x86_64-mingw32/bin/../lib/gcc/nios2-elf/5.3.0/../../../../../H-x86_64-mingw32/nios2-elf/lib/mhw-mulx\libc.a(lib_a-__call_atexit.o)
